Component: ARM Compiler 5.06 update 6 (build 750) Tool: armlink [4d35ed]

==============================================================================

Section Cross References

    startup_stm32f103xb.o(STACK) refers (Special) to heapauxi.o(.text) for __use_two_region_memory
    startup_stm32f103xb.o(HEAP) refers (Special) to heapauxi.o(.text) for __use_two_region_memory
    startup_stm32f103xb.o(RESET) refers (Special) to heapauxi.o(.text) for __use_two_region_memory
    startup_stm32f103xb.o(RESET) refers to startup_stm32f103xb.o(STACK) for __initial_sp
    startup_stm32f103xb.o(RESET) refers to startup_stm32f103xb.o(.text) for Reset_Handler
    startup_stm32f103xb.o(RESET) refers to stm32f1xx_it.o(i.NMI_Handler) for NMI_Handler
    startup_stm32f103xb.o(RESET) refers to stm32f1xx_it.o(i.HardFault_Handler) for HardFault_Handler
    startup_stm32f103xb.o(RESET) refers to stm32f1xx_it.o(i.MemManage_Handler) for MemManage_Handler
    startup_stm32f103xb.o(RESET) refers to stm32f1xx_it.o(i.BusFault_Handler) for BusFault_Handler
    startup_stm32f103xb.o(RESET) refers to stm32f1xx_it.o(i.UsageFault_Handler) for UsageFault_Handler
    startup_stm32f103xb.o(RESET) refers to stm32f1xx_it.o(i.SVC_Handler) for SVC_Handler
    startup_stm32f103xb.o(RESET) refers to stm32f1xx_it.o(i.DebugMon_Handler) for DebugMon_Handler
    startup_stm32f103xb.o(RESET) refers to stm32f1xx_it.o(i.PendSV_Handler) for PendSV_Handler
    startup_stm32f103xb.o(RESET) refers to stm32f1xx_it.o(i.SysTick_Handler) for SysTick_Handler
    startup_stm32f103xb.o(RESET) refers to stm32f1xx_it.o(i.EXTI1_IRQHandler) for EXTI1_IRQHandler
    startup_stm32f103xb.o(RESET) refers to stm32f1xx_it.o(i.EXTI15_10_IRQHandler) for EXTI15_10_IRQHandler
    startup_stm32f103xb.o(.text) refers (Special) to heapauxi.o(.text) for __use_two_region_memory
    startup_stm32f103xb.o(.text) refers to system_stm32f1xx.o(i.SystemInit) for SystemInit
    startup_stm32f103xb.o(.text) refers to __main.o(!!!main) for __main
    startup_stm32f103xb.o(.text) refers to startup_stm32f103xb.o(HEAP) for Heap_Mem
    startup_stm32f103xb.o(.text) refers to startup_stm32f103xb.o(STACK) for Stack_Mem
    main.o(i.SystemClock_Config) refers to rt_memclr_w.o(.text) for __aeabi_memclr4
    main.o(i.SystemClock_Config) refers to stm32f1xx_hal_rcc.o(i.HAL_RCC_OscConfig) for HAL_RCC_OscConfig
    main.o(i.SystemClock_Config) refers to stm32f1xx_hal_rcc.o(i.HAL_RCC_ClockConfig) for HAL_RCC_ClockConfig
    main.o(i.SystemClock_Config) refers to stm32f1xx_hal_rcc_ex.o(i.HAL_RCCEx_PeriphCLKConfig) for HAL_RCCEx_PeriphCLKConfig
    main.o(i.main) refers to _printf_percent.o(.ARM.Collect$$_printf_percent$$00000000) for _printf_percent
    main.o(i.main) refers to _printf_f.o(.ARM.Collect$$_printf_percent$$00000003) for _printf_f
    main.o(i.main) refers to printf1.o(x$fpl$printf1) for _printf_fp_dec
    main.o(i.main) refers to stm32f1xx_hal.o(i.HAL_Init) for HAL_Init
    main.o(i.main) refers to main.o(i.SystemClock_Config) for SystemClock_Config
    main.o(i.main) refers to gpio.o(i.MX_GPIO_Init) for MX_GPIO_Init
    main.o(i.main) refers to adc.o(i.MX_ADC1_Init) for MX_ADC1_Init
    main.o(i.main) refers to adc.o(i.MX_ADC2_Init) for MX_ADC2_Init
    main.o(i.main) refers to usart.o(i.MX_USART1_UART_Init) for MX_USART1_UART_Init
    main.o(i.main) refers to oled.o(i.OLED_Init) for OLED_Init
    main.o(i.main) refers to oled.o(i.OLED_ColorTurn) for OLED_ColorTurn
    main.o(i.main) refers to oled.o(i.OLED_DisplayTurn) for OLED_DisplayTurn
    main.o(i.main) refers to oled.o(i.OLED_Clear) for OLED_Clear
    main.o(i.main) refers to stm32f1xx_hal_adc.o(i.HAL_ADC_Start) for HAL_ADC_Start
    main.o(i.main) refers to stm32f1xx_hal_adc.o(i.HAL_ADC_PollForConversion) for HAL_ADC_PollForConversion
    main.o(i.main) refers to stm32f1xx_hal_adc.o(i.HAL_ADC_GetValue) for HAL_ADC_GetValue
    main.o(i.main) refers to dflt_clz.o(x$fpl$dfltu) for __aeabi_ui2d
    main.o(i.main) refers to dmul.o(x$fpl$dmul) for __aeabi_dmul
    main.o(i.main) refers to scalbn.o(x$fpl$scalbn) for __ARM_scalbn
    main.o(i.main) refers to d2f.o(x$fpl$d2f) for __aeabi_d2f
    main.o(i.main) refers to f2d.o(x$fpl$f2d) for __aeabi_f2d
    main.o(i.main) refers to noretval__2sprintf.o(.text) for __2sprintf
    main.o(i.main) refers to oled.o(i.OLED_ShowString) for OLED_ShowString
    main.o(i.main) refers to oled.o(i.OLED_Refresh) for OLED_Refresh
    main.o(i.main) refers to stm32f1xx_hal.o(i.HAL_Delay) for HAL_Delay
    main.o(i.main) refers to fleqf.o(x$fpl$fleqf) for __aeabi_cfcmple
    main.o(i.main) refers to frleqf.o(x$fpl$frleqf) for __aeabi_cfrcmple
    main.o(i.main) refers to usart.o(i.uart1_send_messageCALL) for uart1_send_messageCALL
    main.o(i.main) refers to stm32f1xx_hal_gpio.o(i.HAL_GPIO_ReadPin) for HAL_GPIO_ReadPin
    main.o(i.main) refers to stm32f1xx_hal_gpio.o(i.HAL_GPIO_WritePin) for HAL_GPIO_WritePin
    main.o(i.main) refers to ui_setting.o(i.ui_setting) for ui_setting
[...]
    ../clib/angel/boardlib.s                 0x00000000   Number         0  boardinit1.o ABSOLUTE
    ../clib/angel/handlers.s                 0x00000000   Number         0  __scatter_zi.o ABSOLUTE
    ../clib/angel/handlers.s                 0x00000000   Number         0  __scatter_copy.o ABSOLUTE
    ../clib/angel/kernel.s                   0x00000000   Number         0  rtexit2.o ABSOLUTE
    ../clib/angel/kernel.s                   0x00000000   Number         0  __rtentry.o ABSOLUTE
    ../clib/angel/kernel.s                   0x00000000   Number         0  __rtentry2.o ABSOLUTE
    ../clib/angel/kernel.s                   0x00000000   Number         0  __rtentry4.o ABSOLUTE
    ../clib/angel/kernel.s                   0x00000000   Number         0  rtexit.o ABSOLUTE
    ../clib/angel/rt.s                       0x00000000   Number         0  rt_raise.o ABSOLUTE
    ../clib/angel/rt.s                       0x00000000   Number         0  rt_locale.o ABSOLUTE
    ../clib/angel/rt.s                       0x00000000   Number         0  rt_locale_intlibspace.o ABSOLUTE
    ../clib/angel/scatter.s                  0x00000000   Number         0  __scatter.o ABSOLUTE
    ../clib/angel/startup.s                  0x00000000   Number         0  __main.o ABSOLUTE
    ../clib/angel/sys.s                      0x00000000   Number         0  libspace.o ABSOLUTE
    ../clib/angel/sys.s                      0x00000000   Number         0  indicate_semi.o ABSOLUTE
    ../clib/angel/sys.s                      0x00000000   Number         0  use_no_semi.o ABSOLUTE
    ../clib/angel/sys.s                      0x00000000   Number         0  sys_stackheap_outer.o ABSOLUTE
    ../clib/angel/sysapp.c                   0x00000000   Number         0  sys_wrch.o ABSOLUTE
    ../clib/angel/sysapp.c                   0x00000000   Number         0  sys_exit.o ABSOLUTE
    ../clib/angel/sysapp.c                   0x00000000   Number         0  sys_command.o ABSOLUTE
    ../clib/armsys.c                         0x00000000   Number         0  no_argv.o ABSOLUTE
    ../clib/armsys.c                         0x00000000   Number         0  _get_argv_nomalloc.o ABSOLUTE
    ../clib/armsys.c                         0x00000000   Number         0  argv_veneer.o ABSOLUTE
    ../clib/armsys.c                         0x00000000   Number         0  argv_veneer.o ABSOLUTE
    ../clib/bigflt.c                         0x00000000   Number         0  bigflt0.o ABSOLUTE
    ../clib/btod.s                           0x00000000   Number         0  btod.o ABSOLUTE
    ../clib/heapalloc.c                      0x00000000   Number         0  hrguard.o ABSOLUTE
    ../clib/heapaux.c                        0x00000000   Number         0  heapauxi.o ABSOLUTE
    ../clib/libinit.s                        0x00000000   Number         0  libinit2.o ABSOLUTE
    ../clib/libinit.s                        0x00000000   Number         0  libinit.o ABSOLUTE
    ../clib/libinit.s                        0x00000000   Number         0  libshutdown2.o ABSOLUTE
    ../clib/libinit.s                        0x00000000   Number         0  libshutdown.o ABSOLUTE
    ../clib/locale.s                         0x00000000   Number         0  lc_numeric_c.o ABSOLUTE
    ../clib/longlong.s                       0x00000000   Number         0  llushr.o ABSOLUTE
    ../clib/longlong.s                       0x00000000   Number         0  lludiv10.o ABSOLUTE
    ../clib/memcpset.s                       0x00000000   Number         0  strcmpv7m.o ABSOLUTE
    ../clib/memcpset.s                       0x00000000   Number         0  rt_memclr_w.o ABSOLUTE
    ../clib/misc.s                           0x00000000   Number         0  printf_stubs.o ABSOLUTE
    ../clib/printf.c                         0x00000000   Number         0  _sputc.o ABSOLUTE
    ../clib/printf.c                         0x00000000   Number         0  __printf_ss_wp.o ABSOLUTE
    ../clib/printf.c                         0x00000000   Number         0  __printf_flags_wp.o ABSOLUTE
    ../clib/printf.c                         0x00000000   Number         0  _printf_fp_infnan.o ABSOLUTE
    ../clib/printf.c                         0x00000000   Number         0  _printf_fp_dec.o ABSOLUTE
    ../clib/printf.c                         0x00000000   Number         0  __printf_wp.o ABSOLUTE
    ../clib/printf.c                         0x00000000   Number         0  __printf_flags_ss.o ABSOLUTE
    ../clib/printf.c                         0x00000000   Number         0  __printf_ss.o ABSOLUTE
    ../clib/printf.c                         0x00000000   Number         0  __printf_flags.o ABSOLUTE
    ../clib/printf.c                         0x00000000   Number         0  __printf.o ABSOLUTE
    ../clib/printf.c                         0x00000000   Number         0  _printf_char_common.o ABSOLUTE
    ../clib/printf.c                         0x00000000   Number         0  __2sprintf.o ABSOLUTE
    ../clib/printf.c                         0x00000000   Number         0  __printf_nopercent.o ABSOLUTE
    ../clib/printf.c                         0x00000000   Number         0  noretval__2sprintf.o ABSOLUTE
    ../clib/printf.c                         0x00000000   Number         0  __printf_flags_ss_wp.o ABSOLUTE
    ../clib/printf_percent.s                 0x00000000   Number         0  _printf_percent.o ABSOLUTE
    ../clib/printf_percent.s                 0x00000000   Number         0  _printf_f.o ABSOLUTE
    ../clib/printf_percent.s                 0x00000000   Number         0  _printf_percent_end.o ABSOLUTE
    ../clib/signal.c                         0x00000000   Number         0  defsig_general.o ABSOLUTE
    ../clib/signal.c                         0x00000000   Number         0  __raise.o ABSOLUTE
    ../clib/signal.c                         0x00000000   Number         0  defsig_segv_inner.o ABSOLUTE
    ../clib/signal.c                         0x00000000   Number         0  defsig_cppl_inner.o ABSOLUTE
    ../clib/signal.c                         0x00000000   Number         0  defsig_pvfn_inner.o ABSOLUTE
    ../clib/signal.c                         0x00000000   Number         0  defsig_stak_inner.o ABSOLUTE
    ../clib/signal.c                         0x00000000   Number         0  defsig_rtred_inner.o ABSOLUTE
    ../clib/signal.c                         0x00000000   Number         0  defsig_rtmem_inner.o ABSOLUTE
    ../clib/signal.c                         0x00000000   Number         0  defsig_other.o ABSOLUTE
    ../clib/signal.c                         0x00000000   Number         0  defsig_fpe_inner.o ABSOLUTE
    ../clib/signal.c                         0x00000000   Number         0  defsig_exit.o ABSOLUTE
    ../clib/signal.c                         0x00000000   Number         0  defsig_abrt_inner.o ABSOLUTE
    ../clib/signal.c                         0x00000000   Number         0  defsig_rtmem_outer.o ABSOLUTE
    ../clib/signal.c                         0x00000000   Number         0  defsig_rtmem_formal.o ABSOLUTE
    ../clib/signal.s                         0x00000000   Number         0  defsig.o ABSOLUTE
    ../clib/stdlib.c                         0x00000000   Number         0  exit.o ABSOLUTE
    ../fplib/d2f.s                           0x00000000   Number         0  d2f.o ABSOLUTE
    ../fplib/daddsub.s                       0x00000000   Number         0  daddsub_clz.o ABSOLUTE
    ../fplib/dcheck1.s                       0x00000000   Number         0  dcheck1.o ABSOLUTE
    ../fplib/dflt.s                          0x00000000   Number         0  dflt_clz.o ABSOLUTE
    ../fplib/dmul.s                          0x00000000   Number         0  dmul.o ABSOLUTE
    ../fplib/dnaninf.s                       0x00000000   Number         0  dnaninf.o ABSOLUTE
    ../fplib/dretinf.s                       0x00000000   Number         0  dretinf.o ABSOLUTE
    ../fplib/f2d.s                           0x00000000   Number         0  f2d.o ABSOLUTE
    ../fplib/fcmpi.s                         0x00000000   Number         0  fcmpi.o ABSOLUTE
    ../fplib/fleqf.s                         0x00000000   Number         0  fleqf.o ABSOLUTE
    ../fplib/fnaninf.s                       0x00000000   Number         0  fnaninf.o ABSOLUTE
    ../fplib/fpinit.s                        0x00000000   Number         0  fpinit.o ABSOLUTE
    ../fplib/fretinf.s                       0x00000000   Number         0  fretinf.o ABSOLUTE
    ../fplib/frleqf.s                        0x00000000   Number         0  frleqf.o ABSOLUTE
    ../fplib/istatus.s                       0x00000000   Number         0  istatus.o ABSOLUTE
    ../fplib/printf1.s                       0x00000000   Number         0  printf1.o ABSOLUTE
    ../fplib/retnan.s                        0x00000000   Number         0  retnan.o ABSOLUTE
    ../fplib/scalbn.s                        0x00000000   Number         0  scalbn.o ABSOLUTE
    ../fplib/trapv.s                         0x00000000   Number         0  trapv.o ABSOLUTE
    ../fplib/usenofp.s                       0x00000000   Number         0  usenofp.o ABSOLUTE
    ../mathlib/fpclassify.c                  0x00000000   Number         0  fpclassify.o ABSOLUTE
    ..\BSP\oled.c                            0x00000000   Number         0  oled.o ABSOLUTE
    ..\BSP\ui_setting.c                      0x00000000   Number         0  ui_setting.o ABSOLUTE
    ..\Core\Src\adc.c                        0x00000000   Number         0  adc.o ABSOLUTE
    ..\Core\Src\gpio.c                       0x00000000   Number         0  gpio.o ABSOLUTE
    ..\Core\Src\main.c                       0x00000000   Number         0  main.o ABSOLUTE
    ..\Core\Src\stm32f1xx_hal_msp.c          0x00000000   Number         0  stm32f1xx_hal_msp.o ABSOLUTE
    ..\Core\Src\stm32f1xx_it.c               0x00000000   Number         0  stm32f1xx_it.o ABSOLUTE
    ..\Core\Src\system_stm32f1xx.c           0x00000000   Number         0  system_stm32f1xx.o ABSOLUTE
    ..\Core\Src\usart.c                      0x00000000   Number         0  usart.o ABSOLUTE
    ..\Drivers\STM32F1xx_HAL_Driver\Src\stm32f1xx_hal.c 0x00000000   Number         0  stm32f1xx_hal.o ABSOLUTE
    ..\Drivers\STM32F1xx_HAL_Driver\Src\stm32f1xx_hal_adc.c 0x00000000   Number         0  stm32f1xx_hal_adc.o ABSOLUTE
    ..\Drivers\STM32F1xx_HAL_Driver\Src\stm32f1xx_hal_adc_ex.c 0x00000000   Number         0  stm32f1xx_hal_adc_ex.o ABSOLUTE
    ..\Drivers\STM32F1xx_HAL_Driver\Src\stm32f1xx_hal_cortex.c 0x00000000   Number         0  stm32f1xx_hal_cortex.o ABSOLUTE
    ..\Drivers\STM32F1xx_HAL_Driver\Src\stm32f1xx_hal_dma.c 0x00000000   Number         0  stm32f1xx_hal_dma.o ABSOLUTE
    ..\Drivers\STM32F1xx_HAL_Driver\Src\stm32f1xx_hal_exti.c 0x00000000   Number         0  stm32f1xx_hal_exti.o ABSOLUTE
    ..\Drivers\STM32F1xx_HAL_Driver\Src\stm32f1xx_hal_flash.c 0x00000000   Number         0  stm32f1xx_hal_flash.o ABSOLUTE
    ..\Drivers\STM32F1xx_HAL_Driver\Src\stm32f1xx_hal_flash_ex.c 0x00000000   Number         0  stm32f1xx_hal_flash_ex.o ABSOLUTE
    ..\Drivers\STM32F1xx_HAL_Driver\Src\stm32f1xx_hal_gpio.c 0x00000000   Number         0  stm32f1xx_hal_gpio.o ABSOLUTE
    ..\Drivers\STM32F1xx_HAL_Driver\Src\stm32f1xx_hal_gpio_ex.c 0x00000000   Number         0  stm32f1xx_hal_gpio_ex.o ABSOLUTE
    ..\Drivers\STM32F1xx_HAL_Driver\Src\stm32f1xx_hal_pwr.c 0x00000000   Number         0  stm32f1xx_hal_pwr.o ABSOLUTE
    ..\Drivers\STM32F1xx_HAL_Driver\Src\stm32f1xx_hal_rcc.c 0x00000000   Number         0  stm32f1xx_hal_rcc.o ABSOLUTE
    ..\Drivers\STM32F1xx_HAL_Driver\Src\stm32f1xx_hal_rcc_ex.c 0x00000000   Number         0  stm32f1xx_hal_rcc_ex.o ABSOLUTE
    ..\Drivers\STM32F1xx_HAL_Driver\Src\stm32f1xx_hal_uart.c 0x00000000   Number         0  stm32f1xx_hal_uart.o ABSOLUTE
    ..\\BSP\\oled.c                          0x00000000   Number         0  oled.o ABSOLUTE
    ..\\BSP\\ui_setting.c                    0x00000000   Number         0  ui_setting.o ABSOLUTE
    dc.s                                     0x00000000   Number         0  dc.o ABSOLUTE
    startup_stm32f103xb.s                    0x00000000   Number         0  startup_stm32f103xb.o ABSOLUTE
    RESET                                    0x08000000   Section      236  startup_stm32f103xb.o(RESET)
    !!!main                                  0x080000ec   Section        8  __main.o(!!!main)
    !!!scatter                               0x080000f4   Section       52  __scatter.o(!!!scatter)
    !!handler_copy                           0x08000128   Section       26  __scatter_copy.o(!!handler_copy)
    !!handler_zi                             0x08000144   Section       28  __scatter_zi.o(!!handler_zi)
    .ARM.Collect$$_printf_percent$$00000000  0x08000160   Section        0  _printf_percent.o(.ARM.Collect$$_printf_percent$$00000000)
    .ARM.Collect$$_printf_percent$$00000003  0x08000160   Section        6  _printf_f.o(.ARM.Collect$$_printf_percent$$00000003)
    .ARM.Collect$$_printf_percent$$00000017  0x08000166   Section        4  _printf_percent_end.o(.ARM.Collect$$_printf_percent$$00000017)
    .ARM.Collect$$libinit$$00000000          0x0800016a   Section        2  libinit.o(.ARM.Collect$$libinit$$00000000)
    .ARM.Collect$$libinit$$00000002          0x0800016c   Section        0  libinit2.o(.ARM.Collect$$libinit$$00000002)
    .ARM.Collect$$libinit$$00000004          0x0800016c   Section        0  libinit2.o(.ARM.Collect$$libinit$$00000004)
    .ARM.Collect$$libinit$$0000000A          0x0800016c   Section        0  libinit2.o(.ARM.Collect$$libinit$$0000000A)
    .ARM.Collect$$libinit$$0000000C          0x0800016c   Section        0  libinit2.o(.ARM.Collect$$libinit$$0000000C)
    .ARM.Collect$$libinit$$0000000E          0x0800016c   Section        0  libinit2.o(.ARM.Collect$$libinit$$0000000E)
    .ARM.Collect$$libinit$$0000000F          0x0800016c   Section        6  libinit2.o(.ARM.Collect$$libinit$$0000000F)
    .ARM.Collect$$libinit$$00000011          0x08000172   Section        0  libinit2.o(.ARM.Collect$$libinit$$00000011)
    .ARM.Collect$$libinit$$00000013          0x08000172   Section        0  libinit2.o(.ARM.Collect$$libinit$$00000013)
    .ARM.Collect$$libinit$$00000015          0x08000172   Section        0  libinit2.o(.ARM.Collect$$libinit$$00000015)
    .ARM.Collect$$libinit$$00000016          0x08000172   Section       10  libinit2.o(.ARM.Collect$$libinit$$00000016)
    .ARM.Collect$$libinit$$00000017          0x0800017c   Section        0  libinit2.o(.ARM.Collect$$libinit$$00000017)
    .ARM.Collect$$libinit$$00000019          0x0800017c   Section        0  libinit2.o(.ARM.Collect$$libinit$$00000019)
    .ARM.Collect$$libinit$$0000001B          0x0800017c   Section        0  libinit2.o(.ARM.Collect$$libinit$$0000001B)
    .ARM.Collect$$libinit$$0000001D          0x0800017c   Section        0  libinit2.o(.ARM.Collect$$libinit$$0000001D)
    .ARM.Collect$$libinit$$0000001F          0x0800017c   Section        0  libinit2.o(.ARM.Collect$$libinit$$0000001F)
    .ARM.Collect$$libinit$$00000021          0x0800017c   Section        0  libinit2.o(.ARM.Collect$$libinit$$00000021)
    .ARM.Collect$$libinit$$00000023          0x0800017c   Section        0  libinit2.o(.ARM.Collect$$libinit$$00000023)
    .ARM.Collect$$libinit$$00000025          0x0800017c   Section        0  libinit2.o(.ARM.Collect$$libinit$$00000025)
    .ARM.Collect$$libinit$$0000002C          0x0800017c   Section        0  libinit2.o(.ARM.Collect$$libinit$$0000002C)
    .ARM.Collect$$libinit$$0000002E          0x0800017c   Section        0  libinit2.o(.ARM.Collect$$libinit$$0000002E)
    .ARM.Collect$$libinit$$00000030          0x0800017c   Section        0  libinit2.o(.ARM.Collect$$libinit$$00000030)
    .ARM.Collect$$libinit$$00000032          0x0800017c   Section        0  libinit2.o(.ARM.Collect$$libinit$$00000032)
    .ARM.Collect$$libinit$$00000033          0x0800017c   Section        2  libinit2.o(.ARM.Collect$$libinit$$00000033)
    .ARM.Collect$$libshutdown$$00000000      0x0800017e   Section        2  libshutdown.o(.ARM.Collect$$libshutdown$$00000000)
    .ARM.Collect$$libshutdown$$00000002      0x08000180   Section        0  libshutdown2.o(.ARM.Collect$$libshutdown$$00000002)
    .ARM.Collect$$libshutdown$$00000004      0x08000180   Section        0  libshutdown2.o(.ARM.Collect$$libshutdown$$00000004)
    .ARM.Collect$$libshutdown$$00000007      0x08000180   Section        0  libshutdown2.o(.ARM.Collect$$libshutdown$$00000007)
    .ARM.Collect$$libshutdown$$0000000A      0x08000180   Section        0  libshutdown2.o(.ARM.Collect$$libshutdown$$0000000A)
    .ARM.Collect$$libshutdown$$0000000C      0x08000180   Section        0  libshutdown2.o(.ARM.Collect$$libshutdown$$0000000C)
    .ARM.Collect$$libshutdown$$0000000F      0x08000180   Section        0  libshutdown2.o(.ARM.Collect$$libshutdown$$0000000F)
    .ARM.Collect$$libshutdown$$00000010      0x08000180   Section        2  libshutdown2.o(.ARM.Collect$$libshutdown$$00000010)
    .ARM.Collect$$rtentry$$00000000          0x08000182   Section        0  __rtentry.o(.ARM.Collect$$rtentry$$00000000)
    .ARM.Collect$$rtentry$$00000002          0x08000182   Section        0  __rtentry2.o(.ARM.Collect$$rtentry$$00000002)
    .ARM.Collect$$rtentry$$00000004          0x08000182   Section        6  __rtentry4.o(.ARM.Collect$$rtentry$$00000004)
    .ARM.Collect$$rtentry$$00000009          0x08000188   Section        0  __rtentry2.o(.ARM.Collect$$rtentry$$00000009)
    .ARM.Collect$$rtentry$$0000000A          0x08000188   Section        4  __rtentry2.o(.ARM.Collect$$rtentry$$0000000A)
    .ARM.Collect$$rtentry$$0000000C          0x0800018c   Section        0  __rtentry2.o(.ARM.Collect$$rtentry$$0000000C)
    .ARM.Collect$$rtentry$$0000000D          0x0800018c   Section        8  __rtentry2.o(.ARM.Collect$$rtentry$$0000000D)
    .ARM.Collect$$rtexit$$00000000           0x08000194   Section        2  rtexit.o(.ARM.Collect$$rtexit$$00000000)
    .ARM.Collect$$rtexit$$00000002           0x08000196   Section        0  rtexit2.o(.ARM.Collect$$rtexit$$00000002)
    .ARM.Collect$$rtexit$$00000003           0x08000196   Section        4  rtexit2.o(.ARM.Collect$$rtexit$$00000003)
    .ARM.Collect$$rtexit$$00000004           0x0800019a   Section        6  rtexit2.o(.ARM.Collect$$rtexit$$00000004)
    .text                                    0x080001a0   Section       64  startup_stm32f103xb.o(.text)
    .text                                    0x080001e0   Section        0  noretval__2sprintf.o(.text)
    .text                                    0x08000208   Section        0  __printf_wp.o(.text)
    .text                                    0x08000316   Section       78  rt_memclr_w.o(.text)
    .text                                    0x08000364   Section        0  heapauxi.o(.text)
    .text                                    0x0800036a   Section        0  _printf_fp_dec.o(.text)
    _fp_digits                               0x0800036d   Thumb Code   432  _printf_fp_dec.o(.text)
    .text                                    0x08000788   Section        0  _printf_char_common.o(.text)
    _printf_input_char                       0x08000789   Thumb Code    10  _printf_char_common.o(.text)
    .text                                    0x080007b8   Section        0  _sputc.o(.text)
    .text                                    0x080007c4   Section        8  rt_locale_intlibspace.o(.text)
    .text                                    0x080007cc   Section      138  lludiv10.o(.text)
    .text                                    0x08000858   Section        0  _printf_fp_infnan.o(.text)
    .text                                    0x080008d8   Section        0  bigflt0.o(.text)
    .text                                    0x080009bc   Section        8  libspace.o(.text)
    .text                                    0x080009c4   Section       74  sys_stackheap_outer.o(.text)
    .text                                    0x08000a0e   Section        0  exit.o(.text)
    .text                                    0x08000a20   Section      128  strcmpv7m.o(.text)
    .text                                    0x08000aa0   Section        0  sys_exit.o(.text)
    .text                                    0x08000aac   Section        2  use_no_semi.o(.text)
    .text                                    0x08000aae   Section        0  indicate_semi.o(.text)
    CL$$btod_d2e                             0x08000aae   Section       62  btod.o(CL$$btod_d2e)
    CL$$btod_d2e_denorm_low                  0x08000aec   Section       70  btod.o(CL$$btod_d2e_denorm_low)
    CL$$btod_d2e_norm_op1                    0x08000b32   Section       96  btod.o(CL$$btod_d2e_norm_op1)
    CL$$btod_div_common                      0x08000b92   Section      824  btod.o(CL$$btod_div_common)
    CL$$btod_e2e                             0x08000eca   Section      220  btod.o(CL$$btod_e2e)
    CL$$btod_ediv                            0x08000fa6   Section       42  btod.o(CL$$btod_ediv)
    CL$$btod_emul                            0x08000fd0   Section       42  btod.o(CL$$btod_emul)
    CL$$btod_mult_common                     0x08000ffa   Section      580  btod.o(CL$$btod_mult_common)
    i.ADC_ConversionStop_Disable             0x08001240   Section        0  stm32f1xx_hal_adc.o(i.ADC_ConversionStop_Disable)
    i.ADC_Enable                             0x08001298   Section        0  stm32f1xx_hal_adc.o(i.ADC_Enable)
    i.BusFault_Handler                       0x08001314   Section        0  stm32f1xx_it.o(i.BusFault_Handler)
    i.DebugMon_Handler                       0x08001316   Section        0  stm32f1xx_it.o(i.DebugMon_Handler)
    i.EXTI15_10_IRQHandler                   0x08001318   Section        0  stm32f1xx_it.o(i.EXTI15_10_IRQHandler)
    i.EXTI1_IRQHandler                       0x08001336   Section        0  stm32f1xx_it.o(i.EXTI1_IRQHandler)
    i.Error_Handler                          0x0800133c   Section        0  main.o(i.Error_Handler)
    i.HAL_ADC_ConfigChannel                  0x08001340   Section        0  stm32f1xx_hal_adc.o(i.HAL_ADC_ConfigChannel)
    i.HAL_ADC_GetValue                       0x0800143c   Section        0  stm32f1xx_hal_adc.o(i.HAL_ADC_GetValue)
    i.HAL_ADC_Init                           0x08001444   Section        0  stm32f1xx_hal_adc.o(i.HAL_ADC_Init)
    i.HAL_ADC_MspInit                        0x08001560   Section        0  adc.o(i.HAL_ADC_MspInit)
    i.HAL_ADC_PollForConversion              0x080015f4   Section        0  stm32f1xx_hal_adc.o(i.HAL_ADC_PollForConversion)
    i.HAL_ADC_Start                          0x08001730   Section        0  stm32f1xx_hal_adc.o(i.HAL_ADC_Start)
    i.HAL_Delay                              0x080017f0   Section        0  stm32f1xx_hal.o(i.HAL_Delay)
    i.HAL_GPIO_EXTI_Callback                 0x08001814   Section        0  gpio.o(i.HAL_GPIO_EXTI_Callback)
    i.HAL_GPIO_EXTI_IRQHandler               0x08001854   Section        0  stm32f1xx_hal_gpio.o(i.HAL_GPIO_EXTI_IRQHandler)
    i.HAL_GPIO_Init                          0x0800186c   Section        0  stm32f1xx_hal_gpio.o(i.HAL_GPIO_Init)
    i.HAL_GPIO_ReadPin                       0x08001a4c   Section        0  stm32f1xx_hal_gpio.o(i.HAL_GPIO_ReadPin)
    i.HAL_GPIO_WritePin                      0x08001a56   Section        0  stm32f1xx_hal_gpio.o(i.HAL_GPIO_WritePin)
    i.HAL_GetTick                            0x08001a60   Section        0  stm32f1xx_hal.o(i.HAL_GetTick)
    i.HAL_IncTick                            0x08001a6c   Section        0  stm32f1xx_hal.o(i.HAL_IncTick)
    i.HAL_Init                               0x08001a7c   Section        0  stm32f1xx_hal.o(i.HAL_Init)
    i.HAL_InitTick                           0x08001aa0   Section        0  stm32f1xx_hal.o(i.HAL_InitTick)
    i.HAL_MspInit                            0x08001ae0   Section        0  stm32f1xx_hal_msp.o(i.HAL_MspInit)
    i.HAL_NVIC_EnableIRQ                     0x08001b1c   Section        0  stm32f1xx_hal_cortex.o(i.HAL_NVIC_EnableIRQ)
    i.HAL_NVIC_SetPriority                   0x08001b38   Section        0  stm32f1xx_hal_cortex.o(i.HAL_NVIC_SetPriority)
    i.HAL_NVIC_SetPriorityGrouping           0x08001b78   Section        0  stm32f1xx_hal_cortex.o(i.HAL_NVIC_SetPriorityGrouping)
    i.HAL_RCCEx_GetPeriphCLKFreq             0x08001b9c   Section        0  stm32f1xx_hal_rcc_ex.o(i.HAL_RCCEx_GetPeriphCLKFreq)
    i.HAL_RCCEx_PeriphCLKConfig              0x08001c40   Section        0  stm32f1xx_hal_rcc_ex.o(i.HAL_RCCEx_PeriphCLKConfig)
    i.HAL_RCC_ClockConfig                    0x08001d2c   Section        0  stm32f1xx_hal_rcc.o(i.HAL_RCC_ClockConfig)
    i.HAL_RCC_GetPCLK1Freq                   0x08001e58   Section        0  stm32f1xx_hal_rcc.o(i.HAL_RCC_GetPCLK1Freq)
    i.HAL_RCC_GetPCLK2Freq                   0x08001e78   Section        0  stm32f1xx_hal_rcc.o(i.HAL_RCC_GetPCLK2Freq)
    i.HAL_RCC_GetSysClockFreq                0x08001e98   Section        0  stm32f1xx_hal_rcc.o(i.HAL_RCC_GetSysClockFreq)
    i.HAL_RCC_OscConfig                      0x08001ee4   Section        0  stm32f1xx_hal_rcc.o(i.HAL_RCC_OscConfig)
    i.HAL_SYSTICK_Config                     0x08002204   Section        0  stm32f1xx_hal_cortex.o(i.HAL_SYSTICK_Config)
    i.HAL_UART_Init                          0x0800222c   Section        0  stm32f1xx_hal_uart.o(i.HAL_UART_Init)
    i.HAL_UART_MspInit                       0x08002290   Section        0  usart.o(i.HAL_UART_MspInit)
    i.HAL_UART_Transmit                      0x08002300   Section        0  stm32f1xx_hal_uart.o(i.HAL_UART_Transmit)
    i.HardFault_Handler                      0x080023a0   Section        0  stm32f1xx_it.o(i.HardFault_Handler)
    i.MX_ADC1_Init                           0x080023a4   Section        0  adc.o(i.MX_ADC1_Init)
    i.MX_ADC2_Init                           0x080023f4   Section        0  adc.o(i.MX_ADC2_Init)
    i.MX_GPIO_Init                           0x08002444   Section        0  gpio.o(i.MX_GPIO_Init)
    i.MX_USART1_UART_Init                    0x0800253c   Section        0  usart.o(i.MX_USART1_UART_Init)
    i.MemManage_Handler                      0x08002574   Section        0  stm32f1xx_it.o(i.MemManage_Handler)
    i.NMI_Handler                            0x08002576   Section        0  stm32f1xx_it.o(i.NMI_Handler)
    i.OLED_Clear                             0x08002578   Section        0  oled.o(i.OLED_Clear)
    i.OLED_ColorTurn                         0x080025a4   Section        0  oled.o(i.OLED_ColorTurn)
    i.OLED_DisplayTurn                       0x080025bc   Section        0  oled.o(i.OLED_DisplayTurn)
    i.OLED_DrawPoint                         0x080025e8   Section        0  oled.o(i.OLED_DrawPoint)
    i.OLED_Init                              0x08002614   Section        0  oled.o(i.OLED_Init)
    i.OLED_Refresh                           0x08002720   Section        0  oled.o(i.OLED_Refresh)
    i.OLED_ShowChar                          0x0800276c   Section        0  oled.o(i.OLED_ShowChar)
    i.OLED_ShowString                        0x08002850   Section        0  oled.o(i.OLED_ShowString)
    i.OLED_WR_Byte                           0x0800288c   Section        0  oled.o(i.OLED_WR_Byte)
    i.PendSV_Handler                         0x080028fc   Section        0  stm32f1xx_it.o(i.PendSV_Handler)
    i.SVC_Handler                            0x080028fe   Section        0  stm32f1xx_it.o(i.SVC_Handler)
    i.SysTick_Handler                        0x08002900   Section        0  stm32f1xx_it.o(i.SysTick_Handler)
    i.SystemClock_Config                     0x08002904   Section        0  main.o(i.SystemClock_Config)
    i.SystemInit                             0x0800297c   Section        0  system_stm32f1xx.o(i.SystemInit)
    i.UART_EndRxTransfer                     0x0800297e   Section        0  stm32f1xx_hal_uart.o(i.UART_EndRxTransfer)
    UART_EndRxTransfer                       0x0800297f   Thumb Code    78  stm32f1xx_hal_uart.o(i.UART_EndRxTransfer)
    i.UART_SetConfig                         0x080029cc   Section        0  stm32f1xx_hal_uart.o(i.UART_SetConfig)
    UART_SetConfig                           0x080029cd   Thumb Code   178  stm32f1xx_hal_uart.o(i.UART_SetConfig)
    i.UART_WaitOnFlagUntilTimeout            0x08002a84   Section        0  stm32f1xx_hal_uart.o(i.UART_WaitOnFlagUntilTimeout)
    UART_WaitOnFlagUntilTimeout              0x08002a85   Thumb Code   114  stm32f1xx_hal_uart.o(i.UART_WaitOnFlagUntilTimeout)
    i.UsageFault_Handler                     0x08002af6   Section        0  stm32f1xx_it.o(i.UsageFault_Handler)
    i.__ARM_fpclassify                       0x08002af8   Section        0  fpclassify.o(i.__ARM_fpclassify)
    i.__NVIC_SetPriority                     0x08002b20   Section        0  stm32f1xx_hal_cortex.o(i.__NVIC_SetPriority)
    __NVIC_SetPriority                       0x08002b21   Thumb Code    32  stm32f1xx_hal_cortex.o(i.__NVIC_SetPriority)
    i._is_digit                              0x08002b40   Section        0  __printf_wp.o(i._is_digit)
    i.main                                   0x08002b50   Section        0  main.o(i.main)
    i.uart1_send_messageCALL                 0x08002cfc   Section        0  usart.o(i.uart1_send_messageCALL)
    i.ui_setting                             0x08002d90   Section        0  ui_setting.o(i.ui_setting)
    locale$$code                             0x08002f48   Section       44  lc_numeric_c.o(locale$$code)
    x$fpl$d2f                                0x08002f74   Section       98  d2f.o(x$fpl$d2f)
    x$fpl$dadd                               0x08002fd8   Section      336  daddsub_clz.o(x$fpl$dadd)
    _dadd1                                   0x08002fe9   Thumb Code     0  daddsub_clz.o(x$fpl$dadd)
    x$fpl$dcheck1                            0x08003128   Section       16  dcheck1.o(x$fpl$dcheck1)
    x$fpl$dfltu                              0x08003138   Section       38  dflt_clz.o(x$fpl$dfltu)
    x$fpl$dmul                               0x08003160   Section      340  dmul.o(x$fpl$dmul)
    x$fpl$dnaninf                            0x080032b4   Section      156  dnaninf.o(x$fpl$dnaninf)
    x$fpl$dretinf                            0x08003350   Section       12  dretinf.o(x$fpl$dretinf)
    x$fpl$dsub                               0x0800335c   Section      468  daddsub_clz.o(x$fpl$dsub)
    _dsub1                                   0x0800336d   Thumb Code     0  daddsub_clz.o(x$fpl$dsub)
    x$fpl$f2d                                0x08003530   Section       86  f2d.o(x$fpl$f2d)
    x$fpl$fcmpinf                            0x08003586   Section       24  fcmpi.o(x$fpl$fcmpinf)
    x$fpl$fleqf                              0x080035a0   Section      104  fleqf.o(x$fpl$fleqf)
    x$fpl$fnaninf                            0x08003608   Section      140  fnaninf.o(x$fpl$fnaninf)
    x$fpl$fretinf                            0x08003694   Section       10  fretinf.o(x$fpl$fretinf)
    x$fpl$frleqf                             0x0800369e   Section       98  frleqf.o(x$fpl$frleqf)
    x$fpl$printf1                            0x08003700   Section        4  printf1.o(x$fpl$printf1)
    x$fpl$retnan                             0x08003704   Section      100  retnan.o(x$fpl$retnan)
    x$fpl$scalbn                             0x08003768   Section       92  scalbn.o(x$fpl$scalbn)
    x$fpl$trapveneer                         0x080037c4   Section       48  trapv.o(x$fpl$trapveneer)
    .constdata                               0x080037f4   Section       18  stm32f1xx_hal_rcc.o(.constdata)
    x$fpl$usenofp                            0x080037f4   Section        0  usenofp.o(x$fpl$usenofp)
    aPredivFactorTable                       0x080037f4   Data           2  stm32f1xx_hal_rcc.o(.constdata)
    aPLLMULFactorTable                       0x080037f6   Data          16  stm32f1xx_hal_rcc.o(.constdata)
    .constdata                               0x08003806   Section       18  stm32f1xx_hal_rcc_ex.o(.constdata)
    aPredivFactorTable                       0x08003806   Data           2  stm32f1xx_hal_rcc_ex.o(.constdata)
    aPLLMULFactorTable                       0x08003808   Data          16  stm32f1xx_hal_rcc_ex.o(.constdata)
    .constdata                               0x08003818   Section       16  system_stm32f1xx.o(.constdata)
    .constdata                               0x08003828   Section        8  system_stm32f1xx.o(.constdata)
    .constdata                               0x08003830   Section     7696  oled.o(.constdata)
    .constdata                               0x08005640   Section      148  bigflt0.o(.constdata)
    tenpwrs_x                                0x08005640   Data          60  bigflt0.o(.constdata)
    tenpwrs_i                                0x0800567c   Data          64  bigflt0.o(.constdata)
    locale$$data                             0x080056f4   Section       28  lc_numeric_c.o(locale$$data)
    __lcnum_c_name                           0x080056f8   Data           2  lc_numeric_c.o(locale$$data)
    __lcnum_c_start                          0x08005700   Data           0  lc_numeric_c.o(locale$$data)
    __lcnum_c_point                          0x0800570c   Data           0  lc_numeric_c.o(locale$$data)
    __lcnum_c_thousands                      0x0800570e   Data           0  lc_numeric_c.o(locale$$data)
    __lcnum_c_grouping                       0x0800570f   Data           0  lc_numeric_c.o(locale$$data)
    __lcnum_c_end                            0x08005710   Data           0  lc_numeric_c.o(locale$$data)
    .data                                    0x20000000   Section       16  main.o(.data)
    i_count                                  0x20000008   Data           4  main.o(.data)
    sw_count                                 0x2000000c   Data           4  main.o(.data)
    .data                                    0x20000010   Section        2  gpio.o(.data)
    .data                                    0x20000014   Section       12  stm32f1xx_hal.o(.data)
    .data                                    0x20000020   Section        4  system_stm32f1xx.o(.data)
    .bss                                     0x20000024   Section       96  adc.o(.bss)
    .bss                                     0x20000084   Section       72  usart.o(.bss)
    .bss                                     0x200000cc   Section     1152  oled.o(.bss)
    .bss                                     0x2000054c   Section       96  libspace.o(.bss)
    HEAP                                     0x200005b0   Section      512  startup_stm32f103xb.o(HEAP)
    Heap_Mem                                 0x200005b0   Data         512  startup_stm32f103xb.o(HEAP)
    STACK                                    0x200007b0   Section     1024  startup_stm32f103xb.o(STACK)
    Stack_Mem                                0x200007b0   Data        1024  startup_stm32f103xb.o(STACK)
    __initial_sp                             0x20000bb0   Data           0  startup_stm32f103xb.o(STACK)

    Global Symbols

    Symbol Name                              Value     Ov Type        Size  Object(Section)

    BuildAttributes$$THM_ISAv4$P$D$K$B$S$PE$A:L22UL41UL21$X:L11$S22US41US21$IEEE1$IW$USESV6$~STKCKD$USESV7$~SHL$OTIME$ROPI$IEEEJ$EBA8$UX$STANDARDLIB$REQ8$PRES8$EABIv2 0x00000000   Number         0  anon$$obj.o ABSOLUTE
    __ARM_use_no_argv                        0x00000000   Number         0  main.o ABSOLUTE
    _printf_flags                            0x00000000   Number         0  printf_stubs.o ABSOLUTE
    _printf_return_value                     0x00000000   Number         0  printf_stubs.o ABSOLUTE
    _printf_sizespec                         0x00000000   Number         0  printf_stubs.o ABSOLUTE
    _printf_widthprec                        0x00000000   Number         0  printf_stubs.o ABSOLUTE
    __ARM_exceptions_init                     - Undefined Weak Reference
    __alloca_initialize                       - Undefined Weak Reference
    __arm_preinit_                            - Undefined Weak Reference
    __cpp_initialize__aeabi_                  - Undefined Weak Reference
    __cxa_finalize                            - Undefined Weak Reference
    __sigvec_lookup                           - Undefined Weak Reference
    _atexit_init                              - Undefined Weak Reference
    _call_atexit_fns                          - Undefined Weak Reference
    _clock_init                               - Undefined Weak Reference
    _fp_trap_init                             - Undefined Weak Reference
    _fp_trap_shutdown                         - Undefined Weak Reference
    _get_lc_collate                           - Undefined Weak Reference
    _get_lc_ctype                             - Undefined Weak Reference
    _get_lc_monetary                          - Undefined Weak Reference
    _get_lc_time                              - Undefined Weak Reference
    _getenv_init                              - Undefined Weak Reference
    _handle_redirection                       - Undefined Weak Reference
    _init_alloc                               - Undefined Weak Reference
    _init_user_alloc                          - Undefined Weak Reference
    _initio                                   - Undefined Weak Reference
    _printf_post_padding                      - Undefined Weak Reference
    _printf_pre_padding                       - Undefined Weak Reference
    _rand_init                                - Undefined Weak Reference
    _signal_finish                            - Undefined Weak Reference
    _signal_init                              - Undefined Weak Reference
    _terminate_alloc                          - Undefined Weak Reference
    _terminate_user_alloc                     - Undefined Weak Reference
    _terminateio                              - Undefined Weak Reference
    __Vectors_Size                           0x000000ec   Number         0  startup_stm32f103xb.o ABSOLUTE
    __Vectors                                0x08000000   Data           4  startup_stm32f103xb.o(RESET)
    __Vectors_End                            0x080000ec   Data           0  startup_stm32f103xb.o(RESET)
    __main                                   0x080000ed   Thumb Code     8  __main.o(!!!main)
    __scatterload                            0x080000f5   Thumb Code     0  __scatter.o(!!!scatter)
    __scatterload_rt2                        0x080000f5   Thumb Code    44  __scatter.o(!!!scatter)
    __scatterload_rt2_thumb_only             0x080000f5   Thumb Code     0  __scatter.o(!!!scatter)
    __scatterload_null                       0x08000103   Thumb Code     0  __scatter.o(!!!scatter)
    __scatterload_copy                       0x08000129   Thumb Code    26  __scatter_copy.o(!!handler_copy)
    __scatterload_zeroinit                   0x08000145   Thumb Code    28  __scatter_zi.o(!!handler_zi)
    _printf_f                                0x08000161   Thumb Code     0  _printf_f.o(.ARM.Collect$$_printf_percent$$00000003)
    _printf_percent                          0x08000161   Thumb Code     0  _printf_percent.o(.ARM.Collect$$_printf_percent$$00000000)
    _printf_percent_end                      0x08000167   Thumb Code     0  _printf_percent_end.o(.ARM.Collect$$_printf_percent$$00000017)
    __rt_lib_init                            0x0800016b   Thumb Code     0  libinit.o(.ARM.Collect$$libinit$$00000000)
    __rt_lib_init_fp_1                       0x0800016d   Thumb Code     0  libinit2.o(.ARM.Collect$$libinit$$00000002)
    __rt_lib_init_heap_1                     0x0800016d   Thumb Code     0  libinit2.o(.ARM.Collect$$libinit$$0000000A)
    __rt_lib_init_lc_common                  0x0800016d   Thumb Code     0  libinit2.o(.ARM.Collect$$libinit$$0000000F)
    __rt_lib_init_preinit_1                  0x0800016d   Thumb Code     0  libinit2.o(.ARM.Collect$$libinit$$00000004)
    __rt_lib_init_rand_1                     0x0800016d   Thumb Code     0  libinit2.o(.ARM.Collect$$libinit$$0000000E)
    __rt_lib_init_user_alloc_1               0x0800016d   Thumb Code     0  libinit2.o(.ARM.Collect$$libinit$$0000000C)
    __rt_lib_init_lc_collate_1               0x08000173   Thumb Code     0  libinit2.o(.ARM.Collect$$libinit$$00000011)
    __rt_lib_init_lc_ctype_1                 0x08000173   Thumb Code     0  libinit2.o(.ARM.Collect$$libinit$$00000013)
    __rt_lib_init_lc_monetary_1              0x08000173   Thumb Code     0  libinit2.o(.ARM.Collect$$libinit$$00000015)
    __rt_lib_init_lc_numeric_2               0x08000173   Thumb Code     0  libinit2.o(.ARM.Collect$$libinit$$00000016)
    __rt_lib_init_alloca_1                   0x0800017d   Thumb Code     0  libinit2.o(.ARM.Collect$$libinit$$0000002E)
    __rt_lib_init_argv_1                     0x0800017d   Thumb Code     0  libinit2.o(.ARM.Collect$$libinit$$0000002C)
    __rt_lib_init_atexit_1                   0x0800017d   Thumb Code     0  libinit2.o(.ARM.Collect$$libinit$$0000001B)
    __rt_lib_init_clock_1                    0x0800017d   Thumb Code     0  libinit2.o(.ARM.Collect$$libinit$$00000021)
    __rt_lib_init_cpp_1                      0x0800017d   Thumb Code     0  libinit2.o(.ARM.Collect$$libinit$$00000032)
    __rt_lib_init_exceptions_1               0x0800017d   Thumb Code     0  libinit2.o(.ARM.Collect$$libinit$$00000030)
    __rt_lib_init_fp_trap_1                  0x0800017d   Thumb Code     0  libinit2.o(.ARM.Collect$$libinit$$0000001F)
    __rt_lib_init_getenv_1                   0x0800017d   Thumb Code     0  libinit2.o(.ARM.Collect$$libinit$$00000023)
    __rt_lib_init_lc_numeric_1               0x0800017d   Thumb Code     0  libinit2.o(.ARM.Collect$$libinit$$00000017)
    __rt_lib_init_lc_time_1                  0x0800017d   Thumb Code     0  libinit2.o(.ARM.Collect$$libinit$$00000019)
    __rt_lib_init_return                     0x0800017d   Thumb Code     0  libinit2.o(.ARM.Collect$$libinit$$00000033)
    __rt_lib_init_signal_1                   0x0800017d   Thumb Code     0  libinit2.o(.ARM.Collect$$libinit$$0000001D)
    __rt_lib_init_stdio_1                    0x0800017d   Thumb Code     0  libinit2.o(.ARM.Collect$$libinit$$00000025)
    __rt_lib_shutdown                        0x0800017f   Thumb Code     0  libshutdown.o(.ARM.Collect$$libshutdown$$00000000)
    __rt_lib_shutdown_cpp_1                  0x08000181   Thumb Code     0  libshutdown2.o(.ARM.Collect$$libshutdown$$00000002)
    __rt_lib_shutdown_fp_trap_1              0x08000181   Thumb Code     0  libshutdown2.o(.ARM.Collect$$libshutdown$$00000007)
    __rt_lib_shutdown_heap_1                 0x08000181   Thumb Code     0  libshutdown2.o(.ARM.Collect$$libshutdown$$0000000F)
    __rt_lib_shutdown_return                 0x08000181   Thumb Code     0  libshutdown2.o(.ARM.Collect$$libshutdown$$00000010)
    __rt_lib_shutdown_signal_1               0x08000181   Thumb Code     0  libshutdown2.o(.ARM.Collect$$libshutdown$$0000000A)
    __rt_lib_shutdown_stdio_1                0x08000181   Thumb Code     0  libshutdown2.o(.ARM.Collect$$libshutdown$$00000004)
    __rt_lib_shutdown_user_alloc_1           0x08000181   Thumb Code     0  libshutdown2.o(.ARM.Collect$$libshutdown$$0000000C)
    __rt_entry                               0x08000183   Thumb Code     0  __rtentry.o(.ARM.Collect$$rtentry$$00000000)
    __rt_entry_presh_1                       0x08000183   Thumb Code     0  __rtentry2.o(.ARM.Collect$$rtentry$$00000002)
    __rt_entry_sh                            0x08000183   Thumb Code     0  __rtentry4.o(.ARM.Collect$$rtentry$$00000004)
    __rt_entry_li                            0x08000189   Thumb Code     0  __rtentry2.o(.ARM.Collect$$rtentry$$0000000A)
    __rt_entry_postsh_1                      0x08000189   Thumb Code     0  __rtentry2.o(.ARM.Collect$$rtentry$$00000009)
    __rt_entry_main                          0x0800018d   Thumb Code     0  __rtentry2.o(.ARM.Collect$$rtentry$$0000000D)
    __rt_entry_postli_1                      0x0800018d   Thumb Code     0  __rtentry2.o(.ARM.Collect$$rtentry$$0000000C)
    __rt_exit                                0x08000195   Thumb Code     0  rtexit.o(.ARM.Collect$$rtexit$$00000000)
    __rt_exit_ls                             0x08000197   Thumb Code     0  rtexit2.o(.ARM.Collect$$rtexit$$00000003)
    __rt_exit_prels_1                        0x08000197   Thumb Code     0  rtexit2.o(.ARM.Collect$$rtexit$$00000002)
    __rt_exit_exit                           0x0800019b   Thumb Code     0  rtexit2.o(.ARM.Collect$$rtexit$$00000004)
    Reset_Handler                            0x080001a1   Thumb Code     8  startup_stm32f103xb.o(.text)
    ADC1_2_IRQHandler                        0x080001bb   Thumb Code     0  startup_stm32f103xb.o(.text)
    CAN1_RX1_IRQHandler                      0x080001bb   Thumb Code     0  startup_stm32f103xb.o(.text)
    CAN1_SCE_IRQHandler                      0x080001bb   Thumb Code     0  startup_stm32f103xb.o(.text)
    DMA1_Channel1_IRQHandler                 0x080001bb   Thumb Code     0  startup_stm32f103xb.o(.text)
    DMA1_Channel2_IRQHandler                 0x080001bb   Thumb Code     0  startup_stm32f103xb.o(.text)
    DMA1_Channel3_IRQHandler                 0x080001bb   Thumb Code     0  startup_stm32f103xb.o(.text)
    DMA1_Channel4_IRQHandler                 0x080001bb   Thumb Code     0  startup_stm32f103xb.o(.text)
    DMA1_Channel5_IRQHandler                 0x080001bb   Thumb Code     0  startup_stm32f103xb.o(.text)
    DMA1_Channel6_IRQHandler                 0x080001bb   Thumb Code     0  startup_stm32f103xb.o(.text)
    DMA1_Channel7_IRQHandler                 0x080001bb   Thumb Code     0  startup_stm32f103xb.o(.text)
    EXTI0_IRQHandler                         0x080001bb   Thumb Code     0  startup_stm32f103xb.o(.text)
    EXTI2_IRQHandler                         0x080001bb   Thumb Code     0  startup_stm32f103xb.o(.text)
    EXTI3_IRQHandler                         0x080001bb   Thumb Code     0  startup_stm32f103xb.o(.text)
    EXTI4_IRQHandler                         0x080001bb   Thumb Code     0  startup_stm32f103xb.o(.text)
    EXTI9_5_IRQHandler                       0x080001bb   Thumb Code     0  startup_stm32f103xb.o(.text)
    FLASH_IRQHandler                         0x080001bb   Thumb Code     0  startup_stm32f103xb.o(.text)
    I2C1_ER_IRQHandler                       0x080001bb   Thumb Code     0  startup_stm32f103xb.o(.text)
    I2C1_EV_IRQHandler                       0x080001bb   Thumb Code     0  startup_stm32f103xb.o(.text)
    I2C2_ER_IRQHandler                       0x080001bb   Thumb Code     0  startup_stm32f103xb.o(.text)
    I2C2_EV_IRQHandler                       0x080001bb   Thumb Code     0  startup_stm32f103xb.o(.text)
    PVD_IRQHandler                           0x080001bb   Thumb Code     0  startup_stm32f103xb.o(.text)
    RCC_IRQHandler                           0x080001bb   Thumb Code     0  startup_stm32f103xb.o(.text)
    RTC_Alarm_IRQHandler                     0x080001bb   Thumb Code     0  startup_stm32f103xb.o(.text)
    RTC_IRQHandler                           0x080001bb   Thumb Code     0  startup_stm32f103xb.o(.text)
    SPI1_IRQHandler                          0x080001bb   Thumb Code     0  startup_stm32f103xb.o(.text)
    SPI2_IRQHandler                          0x080001bb   Thumb Code     0  startup_stm32f103xb.o(.text)
    TAMPER_IRQHandler                        0x080001bb   Thumb Code     0  startup_stm32f103xb.o(.text)
    TIM1_BRK_IRQHandler                      0x080001bb   Thumb Code     0  startup_stm32f103xb.o(.text)
    TIM1_CC_IRQHandler                       0x080001bb   Thumb Code     0  startup_stm32f103xb.o(.text)
    TIM1_TRG_COM_IRQHandler                  0x080001bb   Thumb Code     0  startup_stm32f103xb.o(.text)
    TIM1_UP_IRQHandler                       0x080001bb   Thumb Code     0  startup_stm32f103xb.o(.text)
    TIM2_IRQHandler                          0x080001bb   Thumb Code     0  startup_stm32f103xb.o(.text)
    TIM3_IRQHandler                          0x080001bb   Thumb Code     0  startup_stm32f103xb.o(.text)
    TIM4_IRQHandler                          0x080001bb   Thumb Code     0  startup_stm32f103xb.o(.text)
    USART1_IRQHandler                        0x080001bb   Thumb Code     0  startup_stm32f103xb.o(.text)
    USART2_IRQHandler                        0x080001bb   Thumb Code     0  startup_stm32f103xb.o(.text)
    USART3_IRQHandler                        0x080001bb   Thumb Code     0  startup_stm32f103xb.o(.text)
    USBWakeUp_IRQHandler                     0x080001bb   Thumb Code     0  startup_stm32f103xb.o(.text)
    USB_HP_CAN1_TX_IRQHandler                0x080001bb   Thumb Code     0  startup_stm32f103xb.o(.text)
    USB_LP_CAN1_RX0_IRQHandler               0x080001bb   Thumb Code     0  startup_stm32f103xb.o(.text)
    WWDG_IRQHandler                          0x080001bb   Thumb Code     0  startup_stm32f103xb.o(.text)
    __user_initial_stackheap                 0x080001bd   Thumb Code     0  startup_stm32f103xb.o(.text)
    __2sprintf                               0x080001e1   Thumb Code    34  noretval__2sprintf.o(.text)
    __printf                                 0x08000209   Thumb Code   270  __printf_wp.o(.text)
    __aeabi_memclr4                          0x08000317   Thumb Code     0  rt_memclr_w.o(.text)
    __aeabi_memclr8                          0x08000317   Thumb Code     0  rt_memclr_w.o(.text)
    __rt_memclr_w                            0x08000317   Thumb Code    78  rt_memclr_w.o(.text)
    _memset_w                                0x0800031b   Thumb Code     0  rt_memclr_w.o(.text)
    __use_two_region_memory                  0x08000365   Thumb Code     2  heapauxi.o(.text)
    __rt_heap_escrow$2region                 0x08000367   Thumb Code     2  heapauxi.o(.text)
    __rt_heap_expand$2region                 0x08000369   Thumb Code     2  heapauxi.o(.text)
    __lib_sel_fp_printf                      0x0800036b   Thumb Code     2  _printf_fp_dec.o(.text)
    _printf_fp_dec_real                      0x0800051d   Thumb Code   620  _printf_fp_dec.o(.text)
    _printf_char_common                      0x08000793   Thumb Code    32  _printf_char_common.o(.text)
    _sputc                                   0x080007b9   Thumb Code    10  _sputc.o(.text)
    __rt_locale                              0x080007c5   Thumb Code     8  rt_locale_intlibspace.o(.text)
    _ll_udiv10                               0x080007cd   Thumb Code   138  lludiv10.o(.text)
    _printf_fp_infnan                        0x08000859   Thumb Code   112  _printf_fp_infnan.o(.text)
    _btod_etento                             0x080008d9   Thumb Code   224  bigflt0.o(.text)
    __user_libspace                          0x080009bd   Thumb Code     8  libspace.o(.text)
    __user_perproc_libspace                  0x080009bd   Thumb Code     0  libspace.o(.text)
    __user_perthread_libspace                0x080009bd   Thumb Code     0  libspace.o(.text)
    __user_setup_stackheap                   0x080009c5   Thumb Code    74  sys_stackheap_outer.o(.text)
    exit                                     0x08000a0f   Thumb Code    18  exit.o(.text)
    strcmp                                   0x08000a21   Thumb Code   128  strcmpv7m.o(.text)
    _sys_exit                                0x08000aa1   Thumb Code     8  sys_exit.o(.text)
    __I$use$semihosting                      0x08000aad   Thumb Code     0  use_no_semi.o(.text)
    __use_no_semihosting_swi                 0x08000aad   Thumb Code     2  use_no_semi.o(.text)
    __semihosting_library_function           0x08000aaf   Thumb Code     0  indicate_semi.o(.text)
    _btod_d2e                                0x08000aaf   Thumb Code    62  btod.o(CL$$btod_d2e)
    _d2e_denorm_low                          0x08000aed   Thumb Code    70  btod.o(CL$$btod_d2e_denorm_low)
    _d2e_norm_op1                            0x08000b33   Thumb Code    96  btod.o(CL$$btod_d2e_norm_op1)
    __btod_div_common                        0x08000b93   Thumb Code   696  btod.o(CL$$btod_div_common)
    _e2e                                     0x08000ecb   Thumb Code   220  btod.o(CL$$btod_e2e)
    _btod_ediv                               0x08000fa7   Thumb Code    42  btod.o(CL$$btod_ediv)
    _btod_emul                               0x08000fd1   Thumb Code    42  btod.o(CL$$btod_emul)
    __btod_mult_common                       0x08000ffb   Thumb Code   580  btod.o(CL$$btod_mult_common)
    ADC_ConversionStop_Disable               0x08001241   Thumb Code    86  stm32f1xx_hal_adc.o(i.ADC_ConversionStop_Disable)
    ADC_Enable                               0x08001299   Thumb Code   114  stm32f1xx_hal_adc.o(i.ADC_Enable)
    BusFault_Handler                         0x08001315   Thumb Code     2  stm32f1xx_it.o(i.BusFault_Handler)
    DebugMon_Handler                         0x08001317   Thumb Code     2  stm32f1xx_it.o(i.DebugMon_Handler)
    EXTI15_10_IRQHandler                     0x08001319   Thumb Code    30  stm32f1xx_it.o(i.EXTI15_10_IRQHandler)
    EXTI1_IRQHandler                         0x08001337   Thumb Code     6  stm32f1xx_it.o(i.EXTI1_IRQHandler)
    Error_Handler                            0x0800133d   Thumb Code     4  main.o(i.Error_Handler)
    HAL_ADC_ConfigChannel                    0x08001341   Thumb Code   240  stm32f1xx_hal_adc.o(i.HAL_ADC_ConfigChannel)
    HAL_ADC_GetValue                         0x0800143d   Thumb Code     6  stm32f1xx_hal_adc.o(i.HAL_ADC_GetValue)
    HAL_ADC_Init                             0x08001445   Thumb Code   272  stm32f1xx_hal_adc.o(i.HAL_ADC_Init)
    HAL_ADC_MspInit                          0x08001561   Thumb Code   126  adc.o(i.HAL_ADC_MspInit)
    HAL_ADC_PollForConversion                0x080015f5   Thumb Code   304  stm32f1xx_hal_adc.o(i.HAL_ADC_PollForConversion)
    HAL_ADC_Start                            0x08001731   Thumb Code   184  stm32f1xx_hal_adc.o(i.HAL_ADC_Start)
    HAL_Delay                                0x080017f1   Thumb Code    32  stm32f1xx_hal.o(i.HAL_Delay)
    HAL_GPIO_EXTI_Callback                   0x08001815   Thumb Code    54  gpio.o(i.HAL_GPIO_EXTI_Callback)
    HAL_GPIO_EXTI_IRQHandler                 0x08001855   Thumb Code    18  stm32f1xx_hal_gpio.o(i.HAL_GPIO_EXTI_IRQHandler)
    HAL_GPIO_Init                            0x0800186d   Thumb Code   446  stm32f1xx_hal_gpio.o(i.HAL_GPIO_Init)
    HAL_GPIO_ReadPin                         0x08001a4d   Thumb Code    10  stm32f1xx_hal_gpio.o(i.HAL_GPIO_ReadPin)
    HAL_GPIO_WritePin                        0x08001a57   Thumb Code    10  stm32f1xx_hal_gpio.o(i.HAL_GPIO_WritePin)
    HAL_GetTick                              0x08001a61   Thumb Code     6  stm32f1xx_hal.o(i.HAL_GetTick)
    HAL_IncTick                              0x08001a6d   Thumb Code    12  stm32f1xx_hal.o(i.HAL_IncTick)
    HAL_Init                                 0x08001a7d   Thumb Code    32  stm32f1xx_hal.o(i.HAL_Init)
    HAL_InitTick                             0x08001aa1   Thumb Code    54  stm32f1xx_hal.o(i.HAL_InitTick)
    HAL_MspInit                              0x08001ae1   Thumb Code    52  stm32f1xx_hal_msp.o(i.HAL_MspInit)
    HAL_NVIC_EnableIRQ                       0x08001b1d   Thumb Code    26  stm32f1xx_hal_cortex.o(i.HAL_NVIC_EnableIRQ)
    HAL_NVIC_SetPriority                     0x08001b39   Thumb Code    60  stm32f1xx_hal_cortex.o(i.HAL_NVIC_SetPriority)
    HAL_NVIC_SetPriorityGrouping             0x08001b79   Thumb Code    26  stm32f1xx_hal_cortex.o(i.HAL_NVIC_SetPriorityGrouping)
    HAL_RCCEx_GetPeriphCLKFreq               0x08001b9d   Thumb Code   148  stm32f1xx_hal_rcc_ex.o(i.HAL_RCCEx_GetPeriphCLKFreq)
    HAL_RCCEx_PeriphCLKConfig                0x08001c41   Thumb Code   224  stm32f1xx_hal_rcc_ex.o(i.HAL_RCCEx_PeriphCLKConfig)
    HAL_RCC_ClockConfig                      0x08001d2d   Thumb Code   280  stm32f1xx_hal_rcc.o(i.HAL_RCC_ClockConfig)
    HAL_RCC_GetPCLK1Freq                     0x08001e59   Thumb Code    20  stm32f1xx_hal_rcc.o(i.HAL_RCC_GetPCLK1Freq)
    HAL_RCC_GetPCLK2Freq                     0x08001e79   Thumb Code    20  stm32f1xx_hal_rcc.o(i.HAL_RCC_GetPCLK2Freq)
    HAL_RCC_GetSysClockFreq                  0x08001e99   Thumb Code    58  stm32f1xx_hal_rcc.o(i.HAL_RCC_GetSysClockFreq)
    HAL_RCC_OscConfig                        0x08001ee5   Thumb Code   778  stm32f1xx_hal_rcc.o(i.HAL_RCC_OscConfig)
    HAL_SYSTICK_Config                       0x08002205   Thumb Code    40  stm32f1xx_hal_cortex.o(i.HAL_SYSTICK_Config)
    HAL_UART_Init                            0x0800222d   Thumb Code   100  stm32f1xx_hal_uart.o(i.HAL_UART_Init)
    HAL_UART_MspInit                         0x08002291   Thumb Code   100  usart.o(i.HAL_UART_MspInit)
    HAL_UART_Transmit                        0x08002301   Thumb Code   160  stm32f1xx_hal_uart.o(i.HAL_UART_Transmit)
    HardFault_Handler                        0x080023a1   Thumb Code     2  stm32f1xx_it.o(i.HardFault_Handler)
    MX_ADC1_Init                             0x080023a5   Thumb Code    70  adc.o(i.MX_ADC1_Init)
    MX_ADC2_Init                             0x080023f5   Thumb Code    70  adc.o(i.MX_ADC2_Init)
    MX_GPIO_Init                             0x08002445   Thumb Code   226  gpio.o(i.MX_GPIO_Init)
    MX_USART1_UART_Init                      0x0800253d   Thumb Code    48  usart.o(i.MX_USART1_UART_Init)
    MemManage_Handler                        0x08002575   Thumb Code     2  stm32f1xx_it.o(i.MemManage_Handler)
    NMI_Handler                              0x08002577   Thumb Code     2  stm32f1xx_it.o(i.NMI_Handler)
    OLED_Clear                               0x08002579   Thumb Code    40  oled.o(i.OLED_Clear)
    OLED_ColorTurn                           0x080025a5   Thumb Code    24  oled.o(i.OLED_ColorTurn)
    OLED_DisplayTurn                         0x080025bd   Thumb Code    44  oled.o(i.OLED_DisplayTurn)
    OLED_DrawPoint                           0x080025e9   Thumb Code    40  oled.o(i.OLED_DrawPoint)
    OLED_Init                                0x08002615   Thumb Code   262  oled.o(i.OLED_Init)
    OLED_Refresh                             0x08002721   Thumb Code    70  oled.o(i.OLED_Refresh)
    OLED_ShowChar                            0x0800276d   Thumb Code   212  oled.o(i.OLED_ShowChar)
    OLED_ShowString                          0x08002851   Thumb Code    60  oled.o(i.OLED_ShowString)
    OLED_WR_Byte                             0x0800288d   Thumb Code   108  oled.o(i.OLED_WR_Byte)
    PendSV_Handler                           0x080028fd   Thumb Code     2  stm32f1xx_it.o(i.PendSV_Handler)
    SVC_Handler                              0x080028ff   Thumb Code     2  stm32f1xx_it.o(i.SVC_Handler)
    SysTick_Handler                          0x08002901   Thumb Code     4  stm32f1xx_it.o(i.SysTick_Handler)
    SystemClock_Config                       0x08002905   Thumb Code   120  main.o(i.SystemClock_Config)
    SystemInit                               0x0800297d   Thumb Code     2  system_stm32f1xx.o(i.SystemInit)
    UsageFault_Handler                       0x08002af7   Thumb Code     2  stm32f1xx_it.o(i.UsageFault_Handler)
    __ARM_fpclassify                         0x08002af9   Thumb Code    40  fpclassify.o(i.__ARM_fpclassify)
    _is_digit                                0x08002b41   Thumb Code    14  __printf_wp.o(i._is_digit)
    main                                     0x08002b51   Thumb Code   372  main.o(i.main)
    uart1_send_messageCALL                   0x08002cfd   Thumb Code    90  usart.o(i.uart1_send_messageCALL)
    ui_setting                               0x08002d91   Thumb Code   362  ui_setting.o(i.ui_setting)
    _get_lc_numeric                          0x08002f49   Thumb Code    44  lc_numeric_c.o(locale$$code)
    __aeabi_d2f                              0x08002f75   Thumb Code     0  d2f.o(x$fpl$d2f)
    _d2f                                     0x08002f75   Thumb Code    98  d2f.o(x$fpl$d2f)
    __aeabi_dadd                             0x08002fd9   Thumb Code     0  daddsub_clz.o(x$fpl$dadd)
    _dadd                                    0x08002fd9   Thumb Code   332  daddsub_clz.o(x$fpl$dadd)
    __fpl_dcheck_NaN1                        0x08003129   Thumb Code    10  dcheck1.o(x$fpl$dcheck1)
    __aeabi_ui2d                             0x08003139   Thumb Code     0  dflt_clz.o(x$fpl$dfltu)
    _dfltu                                   0x08003139   Thumb Code    38  dflt_clz.o(x$fpl$dfltu)
    __aeabi_dmul                             0x08003161   Thumb Code     0  dmul.o(x$fpl$dmul)
    _dmul                                    0x08003161   Thumb Code   332  dmul.o(x$fpl$dmul)
    __fpl_dnaninf                            0x080032b5   Thumb Code   156  dnaninf.o(x$fpl$dnaninf)
    __fpl_dretinf                            0x08003351   Thumb Code    12  dretinf.o(x$fpl$dretinf)
    __aeabi_dsub                             0x0800335d   Thumb Code     0  daddsub_clz.o(x$fpl$dsub)
    _dsub                                    0x0800335d   Thumb Code   464  daddsub_clz.o(x$fpl$dsub)
    __aeabi_f2d                              0x08003531   Thumb Code     0  f2d.o(x$fpl$f2d)
    _f2d                                     0x08003531   Thumb Code    86  f2d.o(x$fpl$f2d)
    __fpl_fcmp_Inf                           0x08003587   Thumb Code    24  fcmpi.o(x$fpl$fcmpinf)
    __aeabi_cfcmple                          0x080035a1   Thumb Code     0  fleqf.o(x$fpl$fleqf)
    _fcmple                                  0x080035a1   Thumb Code   104  fleqf.o(x$fpl$fleqf)
    __fpl_fcmple_InfNaN                      0x080035f3   Thumb Code     0  fleqf.o(x$fpl$fleqf)
    __fpl_fnaninf                            0x08003609   Thumb Code   140  fnaninf.o(x$fpl$fnaninf)
    __fpl_fretinf                            0x08003695   Thumb Code    10  fretinf.o(x$fpl$fretinf)
    __aeabi_cfrcmple                         0x0800369f   Thumb Code     0  frleqf.o(x$fpl$frleqf)
    _frcmple                                 0x0800369f   Thumb Code    98  frleqf.o(x$fpl$frleqf)
    _printf_fp_dec                           0x08003701   Thumb Code     4  printf1.o(x$fpl$printf1)
    __fpl_return_NaN                         0x08003705   Thumb Code   100  retnan.o(x$fpl$retnan)
    __ARM_scalbn                             0x08003769   Thumb Code    92  scalbn.o(x$fpl$scalbn)
    __fpl_cmpreturn                          0x080037c5   Thumb Code    48  trapv.o(x$fpl$trapveneer)
    __I$use$fp                               0x080037f4   Number         0  usenofp.o(x$fpl$usenofp)
    AHBPrescTable                            0x08003818   Data          16  system_stm32f1xx.o(.constdata)
    APBPrescTable                            0x08003828   Data           8  system_stm32f1xx.o(.constdata)
    asc2_0806                                0x08003830   Data         552  oled.o(.constdata)
    asc2_1206                                0x08003a58   Data        1140  oled.o(.constdata)
    asc2_1608                                0x08003ecc   Data        1520  oled.o(.constdata)
    asc2_2412                                0x080044bc   Data        3420  oled.o(.constdata)
    Hzk1                                     0x08005218   Data         352  oled.o(.constdata)
    Hzk2                                     0x08005378   Data          72  oled.o(.constdata)
    Hzk3                                     0x080053c0   Data         128  oled.o(.constdata)
    Hzk4                                     0x08005440   Data         512  oled.o(.constdata)
    Region$$Table$$Base                      0x080056d4   Number         0  anon$$obj.o(Region$$Table)
    Region$$Table$$Limit                     0x080056f4   Number         0  anon$$obj.o(Region$$Table)
    fire_ban                                 0x20000000   Data           4  main.o(.data)
    smoke_ban                                0x20000004   Data           4  main.o(.data)
    sw19_come                                0x20000010   Data           1  gpio.o(.data)
    botton                                   0x20000011   Data           1  gpio.o(.data)
    uwTickFreq                               0x20000014   Data           1  stm32f1xx_hal.o(.data)
    uwTickPrio                               0x20000018   Data           4  stm32f1xx_hal.o(.data)
    uwTick                                   0x2000001c   Data           4  stm32f1xx_hal.o(.data)
    SystemCoreClock                          0x20000020   Data           4  system_stm32f1xx.o(.data)
    hadc1                                    0x20000024   Data          48  adc.o(.bss)
    hadc2                                    0x20000054   Data          48  adc.o(.bss)
    huart1                                   0x20000084   Data          72  usart.o(.bss)
    OLED_GRAM                                0x200000cc   Data        1152  oled.o(.bss)
    __libspace_start                         0x2000054c   Data          96  libspace.o(.bss)
    __temporary_stack_top$libspace           0x200005ac   Data           0  libspace.o(.bss)



==============================================================================

Memory Map of the image

  Image Entry point : 0x080000ed

  Load Region LR_IROM1 (Base: 0x08000000, Size: 0x00005734, Max: 0x00010000, ABSOLUTE)

    Execution Region ER_IROM1 (Exec base: 0x08000000, Load base: 0x08000000, Size: 0x00005710, Max: 0x00010000, ABSOLUTE)

    Exec Addr    Load Addr    Size         Type   Attr      Idx    E Section Name        Object

    0x08000000   0x08000000   0x000000ec   Data   RO            3    RESET               startup_stm32f103xb.o
    0x080000ec   0x080000ec   0x00000008   Code   RO         2306  * !!!main             c_w.l(__main.o)
    0x080000f4   0x080000f4   0x00000034   Code   RO         2558    !!!scatter          c_w.l(__scatter.o)
    0x08000128   0x08000128   0x0000001a   Code   RO         2560    !!handler_copy      c_w.l(__scatter_copy.o)
    0x08000142   0x08000142   0x00000002   PAD
    0x08000144   0x08000144   0x0000001c   Code   RO         2562    !!handler_zi        c_w.l(__scatter_zi.o)
    0x08000160   0x08000160   0x00000000   Code   RO         2301    .ARM.Collect$$_printf_percent$$00000000  c_w.l(_printf_percent.o)
    0x08000160   0x08000160   0x00000006   Code   RO         2300    .ARM.Collect$$_printf_percent$$00000003  c_w.l(_printf_f.o)
    0x08000166   0x08000166   0x00000004   Code   RO         2341    .ARM.Collect$$_printf_percent$$00000017  c_w.l(_printf_percent_end.o)
    0x0800016a   0x0800016a   0x00000002   Code   RO         2429    .ARM.Collect$$libinit$$00000000  c_w.l(libinit.o)
    0x0800016c   0x0800016c   0x00000000   Code   RO         2431    .ARM.Collect$$libinit$$00000002  c_w.l(libinit2.o)
    0x0800016c   0x0800016c   0x00000000   Code   RO         2433    .ARM.Collect$$libinit$$00000004  c_w.l(libinit2.o)
    0x0800016c   0x0800016c   0x00000000   Code   RO         2436    .ARM.Collect$$libinit$$0000000A  c_w.l(libinit2.o)
    0x0800016c   0x0800016c   0x00000000   Code   RO         2438    .ARM.Collect$$libinit$$0000000C  c_w.l(libinit2.o)
    0x0800016c   0x0800016c   0x00000000   Code   RO         2440    .ARM.Collect$$libinit$$0000000E  c_w.l(libinit2.o)
    0x0800016c   0x0800016c   0x00000006   Code   RO         2441    .ARM.Collect$$libinit$$0000000F  c_w.l(libinit2.o)
    0x08000172   0x08000172   0x00000000   Code   RO         2443    .ARM.Collect$$libinit$$00000011  c_w.l(libinit2.o)
    0x08000172   0x08000172   0x00000000   Code   RO         2445    .ARM.Collect$$libinit$$00000013  c_w.l(libinit2.o)
    0x08000172   0x08000172   0x00000000   Code   RO         2447    .ARM.Collect$$libinit$$00000015  c_w.l(libinit2.o)
    0x08000172   0x08000172   0x0000000a   Code   RO         2448    .ARM.Collect$$libinit$$00000016  c_w.l(libinit2.o)
    0x0800017c   0x0800017c   0x00000000   Code   RO         2449    .ARM.Collect$$libinit$$00000017  c_w.l(libinit2.o)
    0x0800017c   0x0800017c   0x00000000   Code   RO         2451    .ARM.Collect$$libinit$$00000019  c_w.l(libinit2.o)
    0x0800017c   0x0800017c   0x00000000   Code   RO         2453    .ARM.Collect$$libinit$$0000001B  c_w.l(libinit2.o)
    0x0800017c   0x0800017c   0x00000000   Code   RO         2455    .ARM.Collect$$libinit$$0000001D  c_w.l(libinit2.o)
    0x0800017c   0x0800017c   0x00000000   Code   RO         2457    .ARM.Collect$$libinit$$0000001F  c_w.l(libinit2.o)
    0x0800017c   0x0800017c   0x00000000   Code   RO         2459    .ARM.Collect$$libinit$$00000021  c_w.l(libinit2.o)
    0x0800017c   0x0800017c   0x00000000   Code   RO         2461    .ARM.Collect$$libinit$$00000023  c_w.l(libinit2.o)
    0x0800017c   0x0800017c   0x00000000   Code   RO         2463    .ARM.Collect$$libinit$$00000025  c_w.l(libinit2.o)
    0x0800017c   0x0800017c   0x00000000   Code   RO         2467    .ARM.Collect$$libinit$$0000002C  c_w.l(libinit2.o)
    0x0800017c   0x0800017c   0x00000000   Code   RO         2469    .ARM.Collect$$libinit$$0000002E  c_w.l(libinit2.o)
    0x0800017c   0x0800017c   0x00000000   Code   RO         2471    .ARM.Collect$$libinit$$00000030  c_w.l(libinit2.o)
    0x0800017c   0x0800017c   0x00000000   Code   RO         2473    .ARM.Collect$$libinit$$00000032  c_w.l(libinit2.o)
    0x0800017c   0x0800017c   0x00000002   Code   RO         2474    .ARM.Collect$$libinit$$00000033  c_w.l(libinit2.o)
    0x0800017e   0x0800017e   0x00000002   Code   RO         2506    .ARM.Collect$$libshutdown$$00000000  c_w.l(libshutdown.o)
    0x08000180   0x08000180   0x00000000   Code   RO         2517    .ARM.Collect$$libshutdown$$00000002  c_w.l(libshutdown2.o)
    0x08000180   0x08000180   0x00000000   Code   RO         2519    .ARM.Collect$$libshutdown$$00000004  c_w.l(libshutdown2.o)
    0x08000180   0x08000180   0x00000000   Code   RO         2522    .ARM.Collect$$libshutdown$$00000007  c_w.l(libshutdown2.o)
    0x08000180   0x08000180   0x00000000   Code   RO         2525    .ARM.Collect$$libshutdown$$0000000A  c_w.l(libshutdown2.o)
    0x08000180   0x08000180   0x00000000   Code   RO         2527    .ARM.Collect$$libshutdown$$0000000C  c_w.l(libshutdown2.o)
    0x08000180   0x08000180   0x00000000   Code   RO         2530    .ARM.Collect$$libshutdown$$0000000F  c_w.l(libshutdown2.o)
    0x08000180   0x08000180   0x00000002   Code   RO         2531    .ARM.Collect$$libshutdown$$00000010  c_w.l(libshutdown2.o)
    0x08000182   0x08000182   0x00000000   Code   RO         2334    .ARM.Collect$$rtentry$$00000000  c_w.l(__rtentry.o)
    0x08000182   0x08000182   0x00000000   Code   RO         2356    .ARM.Collect$$rtentry$$00000002  c_w.l(__rtentry2.o)
    0x08000182   0x08000182   0x00000006   Code   RO         2368    .ARM.Collect$$rtentry$$00000004  c_w.l(__rtentry4.o)
    0x08000188   0x08000188   0x00000000   Code   RO         2358    .ARM.Collect$$rtentry$$00000009  c_w.l(__rtentry2.o)
    0x08000188   0x08000188   0x00000004   Code   RO         2359    .ARM.Collect$$rtentry$$0000000A  c_w.l(__rtentry2.o)
    0x0800018c   0x0800018c   0x00000000   Code   RO         2361    .ARM.Collect$$rtentry$$0000000C  c_w.l(__rtentry2.o)
    0x0800018c   0x0800018c   0x00000008   Code   RO         2362    .ARM.Collect$$rtentry$$0000000D  c_w.l(__rtentry2.o)
    0x08000194   0x08000194   0x00000002   Code   RO         2477    .ARM.Collect$$rtexit$$00000000  c_w.l(rtexit.o)
    0x08000196   0x08000196   0x00000000   Code   RO         2484    .ARM.Collect$$rtexit$$00000002  c_w.l(rtexit2.o)
    0x08000196   0x08000196   0x00000004   Code   RO         2485    .ARM.Collect$$rtexit$$00000003  c_w.l(rtexit2.o)
    0x0800019a   0x0800019a   0x00000006   Code   RO         2486    .ARM.Collect$$rtexit$$00000004  c_w.l(rtexit2.o)
    0x080001a0   0x080001a0   0x00000040   Code   RO            4    .text               startup_stm32f103xb.o
    0x080001e0   0x080001e0   0x00000028   Code   RO         2276    .text               c_w.l(noretval__2sprintf.o)
    0x08000208   0x08000208   0x0000010e   Code   RO         2288    .text               c_w.l(__printf_wp.o)
    0x08000316   0x08000316   0x0000004e   Code   RO         2302    .text               c_w.l(rt_memclr_w.o)
    0x08000364   0x08000364   0x00000006   Code   RO         2304    .text               c_w.l(heapauxi.o)
    0x0800036a   0x0800036a   0x0000041e   Code   RO         2335    .text               c_w.l(_printf_fp_dec.o)
    0x08000788   0x08000788   0x00000030   Code   RO         2337    .text               c_w.l(_printf_char_common.o)
    0x080007b8   0x080007b8   0x0000000a   Code   RO         2339    .text               c_w.l(_sputc.o)
    0x080007c2   0x080007c2   0x00000002   PAD
    0x080007c4   0x080007c4   0x00000008   Code   RO         2373    .text               c_w.l(rt_locale_intlibspace.o)
    0x080007cc   0x080007cc   0x0000008a   Code   RO         2375    .text               c_w.l(lludiv10.o)
    0x08000856   0x08000856   0x00000002   PAD
    0x08000858   0x08000858   0x00000080   Code   RO         2377    .text               c_w.l(_printf_fp_infnan.o)
    0x080008d8   0x080008d8   0x000000e4   Code   RO         2381    .text               c_w.l(bigflt0.o)
    0x080009bc   0x080009bc   0x00000008   Code   RO         2415    .text               c_w.l(libspace.o)
    0x080009c4   0x080009c4   0x0000004a   Code   RO         2418    .text               c_w.l(sys_stackheap_outer.o)
    0x08000a0e   0x08000a0e   0x00000012   Code   RO         2420    .text               c_w.l(exit.o)
    0x08000a20   0x08000a20   0x00000080   Code   RO         2422    .text               c_w.l(strcmpv7m.o)
    0x08000aa0   0x08000aa0   0x0000000c   Code   RO         2496    .text               c_w.l(sys_exit.o)
    0x08000aac   0x08000aac   0x00000002   Code   RO         2507    .text               c_w.l(use_no_semi.o)
    0x08000aae   0x08000aae   0x00000000   Code   RO         2509    .text               c_w.l(indicate_semi.o)
    0x08000aae   0x08000aae   0x0000003e   Code   RO         2384    CL$$btod_d2e        c_w.l(btod.o)
    0x08000aec   0x08000aec   0x00000046   Code   RO         2386    CL$$btod_d2e_denorm_low  c_w.l(btod.o)
    0x08000b32   0x08000b32   0x00000060   Code   RO         2385    CL$$btod_d2e_norm_op1  c_w.l(btod.o)
    0x08000b92   0x08000b92   0x00000338   Code   RO         2394    CL$$btod_div_common  c_w.l(btod.o)
    0x08000eca   0x08000eca   0x000000dc   Code   RO         2391    CL$$btod_e2e        c_w.l(btod.o)
    0x08000fa6   0x08000fa6   0x0000002a   Code   RO         2388    CL$$btod_ediv       c_w.l(btod.o)
    0x08000fd0   0x08000fd0   0x0000002a   Code   RO         2387    CL$$btod_emul       c_w.l(btod.o)
    0x08000ffa   0x08000ffa   0x00000244   Code   RO         2393    CL$$btod_mult_common  c_w.l(btod.o)
    0x0800123e   0x0800123e   0x00000002   PAD
    0x08001240   0x08001240   0x00000056   Code   RO          448    i.ADC_ConversionStop_Disable  stm32f1xx_hal_adc.o
    0x08001296   0x08001296   0x00000002   PAD
    0x08001298   0x08001298   0x0000007c   Code   RO          452    i.ADC_Enable        stm32f1xx_hal_adc.o
    0x08001314   0x08001314   0x00000002   Code   RO          301    i.BusFault_Handler  stm32f1xx_it.o
    0x08001316   0x08001316   0x00000002   Code   RO          302    i.DebugMon_Handler  stm32f1xx_it.o
    0x08001318   0x08001318   0x0000001e   Code   RO          303    i.EXTI15_10_IRQHandler  stm32f1xx_it.o
    0x08001336   0x08001336   0x00000006   Code   RO          304    i.EXTI1_IRQHandler  stm32f1xx_it.o
    0x0800133c   0x0800133c   0x00000004   Code   RO           13    i.Error_Handler     main.o
    0x08001340   0x08001340   0x000000fc   Code   RO          454    i.HAL_ADC_ConfigChannel  stm32f1xx_hal_adc.o
    0x0800143c   0x0800143c   0x00000006   Code   RO          461    i.HAL_ADC_GetValue  stm32f1xx_hal_adc.o
    0x08001442   0x08001442   0x00000002   PAD
    0x08001444   0x08001444   0x0000011c   Code   RO          463    i.HAL_ADC_Init      stm32f1xx_hal_adc.o
    0x08001560   0x08001560   0x00000094   Code   RO          206    i.HAL_ADC_MspInit   adc.o
    0x080015f4   0x080015f4   0x0000013c   Code   RO          467    i.HAL_ADC_PollForConversion  stm32f1xx_hal_adc.o
    0x08001730   0x08001730   0x000000c0   Code   RO          469    i.HAL_ADC_Start     stm32f1xx_hal_adc.o
    0x080017f0   0x080017f0   0x00000024   Code   RO          731    i.HAL_Delay         stm32f1xx_hal.o
    0x08001814   0x08001814   0x00000040   Code   RO          165    i.HAL_GPIO_EXTI_Callback  gpio.o
    0x08001854   0x08001854   0x00000018   Code   RO         1040    i.HAL_GPIO_EXTI_IRQHandler  stm32f1xx_hal_gpio.o
    0x0800186c   0x0800186c   0x000001e0   Code   RO         1041    i.HAL_GPIO_Init     stm32f1xx_hal_gpio.o
    0x08001a4c   0x08001a4c   0x0000000a   Code   RO         1043    i.HAL_GPIO_ReadPin  stm32f1xx_hal_gpio.o
    0x08001a56   0x08001a56   0x0000000a   Code   RO         1045    i.HAL_GPIO_WritePin  stm32f1xx_hal_gpio.o
    0x08001a60   0x08001a60   0x0000000c   Code   RO          735    i.HAL_GetTick       stm32f1xx_hal.o
    0x08001a6c   0x08001a6c   0x00000010   Code   RO          741    i.HAL_IncTick       stm32f1xx_hal.o
    0x08001a7c   0x08001a7c   0x00000024   Code   RO          742    i.HAL_Init          stm32f1xx_hal.o
    0x08001aa0   0x08001aa0   0x00000040   Code   RO          743    i.HAL_InitTick      stm32f1xx_hal.o
    0x08001ae0   0x08001ae0   0x0000003c   Code   RO          388    i.HAL_MspInit       stm32f1xx_hal_msp.o
    0x08001b1c   0x08001b1c   0x0000001a   Code   RO         1201    i.HAL_NVIC_EnableIRQ  stm32f1xx_hal_cortex.o
    0x08001b36   0x08001b36   0x00000002   PAD
    0x08001b38   0x08001b38   0x00000040   Code   RO         1207    i.HAL_NVIC_SetPriority  stm32f1xx_hal_cortex.o
    0x08001b78   0x08001b78   0x00000024   Code   RO         1208    i.HAL_NVIC_SetPriorityGrouping  stm32f1xx_hal_cortex.o
    0x08001b9c   0x08001b9c   0x000000a4   Code   RO         1002    i.HAL_RCCEx_GetPeriphCLKFreq  stm32f1xx_hal_rcc_ex.o
    0x08001c40   0x08001c40   0x000000ec   Code   RO         1003    i.HAL_RCCEx_PeriphCLKConfig  stm32f1xx_hal_rcc_ex.o
    0x08001d2c   0x08001d2c   0x0000012c   Code   RO          899    i.HAL_RCC_ClockConfig  stm32f1xx_hal_rcc.o
    0x08001e58   0x08001e58   0x00000020   Code   RO          906    i.HAL_RCC_GetPCLK1Freq  stm32f1xx_hal_rcc.o
    0x08001e78   0x08001e78   0x00000020   Code   RO          907    i.HAL_RCC_GetPCLK2Freq  stm32f1xx_hal_rcc.o
    0x08001e98   0x08001e98   0x0000004c   Code   RO          908    i.HAL_RCC_GetSysClockFreq  stm32f1xx_hal_rcc.o
    0x08001ee4   0x08001ee4   0x00000320   Code   RO          911    i.HAL_RCC_OscConfig  stm32f1xx_hal_rcc.o
    0x08002204   0x08002204   0x00000028   Code   RO         1212    i.HAL_SYSTICK_Config  stm32f1xx_hal_cortex.o
    0x0800222c   0x0800222c   0x00000064   Code   RO         1731    i.HAL_UART_Init     stm32f1xx_hal_uart.o
    0x08002290   0x08002290   0x00000070   Code   RO          254    i.HAL_UART_MspInit  usart.o
    0x08002300   0x08002300   0x000000a0   Code   RO         1739    i.HAL_UART_Transmit  stm32f1xx_hal_uart.o
    0x080023a0   0x080023a0   0x00000002   Code   RO          305    i.HardFault_Handler  stm32f1xx_it.o
    0x080023a2   0x080023a2   0x00000002   PAD
    0x080023a4   0x080023a4   0x00000050   Code   RO          207    i.MX_ADC1_Init      adc.o
    0x080023f4   0x080023f4   0x00000050   Code   RO          208    i.MX_ADC2_Init      adc.o
    0x08002444   0x08002444   0x000000f8   Code   RO          166    i.MX_GPIO_Init      gpio.o
    0x0800253c   0x0800253c   0x00000038   Code   RO          255    i.MX_USART1_UART_Init  usart.o
    0x08002574   0x08002574   0x00000002   Code   RO          306    i.MemManage_Handler  stm32f1xx_it.o
    0x08002576   0x08002576   0x00000002   Code   RO          307    i.NMI_Handler       stm32f1xx_it.o
    0x08002578   0x08002578   0x0000002c   Code   RO         2102    i.OLED_Clear        oled.o
    0x080025a4   0x080025a4   0x00000018   Code   RO         2103    i.OLED_ColorTurn    oled.o
    0x080025bc   0x080025bc   0x0000002c   Code   RO         2106    i.OLED_DisplayTurn  oled.o
    0x080025e8   0x080025e8   0x0000002c   Code   RO         2109    i.OLED_DrawPoint    oled.o
    0x08002614   0x08002614   0x0000010c   Code   RO         2110    i.OLED_Init         oled.o
    0x08002720   0x08002720   0x0000004c   Code   RO         2112    i.OLED_Refresh      oled.o
    0x0800276c   0x0800276c   0x000000e4   Code   RO         2114    i.OLED_ShowChar     oled.o
    0x08002850   0x08002850   0x0000003c   Code   RO         2118    i.OLED_ShowString   oled.o
    0x0800288c   0x0800288c   0x00000070   Code   RO         2119    i.OLED_WR_Byte      oled.o
    0x080028fc   0x080028fc   0x00000002   Code   RO          308    i.PendSV_Handler    stm32f1xx_it.o
    0x080028fe   0x080028fe   0x00000002   Code   RO          309    i.SVC_Handler       stm32f1xx_it.o
    0x08002900   0x08002900   0x00000004   Code   RO          310    i.SysTick_Handler   stm32f1xx_it.o
    0x08002904   0x08002904   0x00000078   Code   RO           14    i.SystemClock_Config  main.o
    0x0800297c   0x0800297c   0x00000002   Code   RO         2065    i.SystemInit        system_stm32f1xx.o
    0x0800297e   0x0800297e   0x0000004e   Code   RO         1754    i.UART_EndRxTransfer  stm32f1xx_hal_uart.o
    0x080029cc   0x080029cc   0x000000b8   Code   RO         1757    i.UART_SetConfig    stm32f1xx_hal_uart.o
    0x08002a84   0x08002a84   0x00000072   Code   RO         1760    i.UART_WaitOnFlagUntilTimeout  stm32f1xx_hal_uart.o
    0x08002af6   0x08002af6   0x00000002   Code   RO          311    i.UsageFault_Handler  stm32f1xx_it.o
    0x08002af8   0x08002af8   0x00000028   Code   RO         2413    i.__ARM_fpclassify  m_ws.l(fpclassify.o)
    0x08002b20   0x08002b20   0x00000020   Code   RO         1214    i.__NVIC_SetPriority  stm32f1xx_hal_cortex.o
    0x08002b40   0x08002b40   0x0000000e   Code   RO         2290    i._is_digit         c_w.l(__printf_wp.o)
    0x08002b4e   0x08002b4e   0x00000002   PAD
    0x08002b50   0x08002b50   0x000001ac   Code   RO           15    i.main              main.o
    0x08002cfc   0x08002cfc   0x00000094   Code   RO          256    i.uart1_send_messageCALL  usart.o
    0x08002d90   0x08002d90   0x000001b8   Code   RO         2246    i.ui_setting        ui_setting.o
    0x08002f48   0x08002f48   0x0000002c   Code   RO         2407    locale$$code        c_w.l(lc_numeric_c.o)
    0x08002f74   0x08002f74   0x00000062   Code   RO         2308    x$fpl$d2f           fz_ws.l(d2f.o)
    0x08002fd6   0x08002fd6   0x00000002   PAD
    0x08002fd8   0x08002fd8   0x00000150   Code   RO         2310    x$fpl$dadd          fz_ws.l(daddsub_clz.o)
    0x08003128   0x08003128   0x00000010   Code   RO         2342    x$fpl$dcheck1       fz_ws.l(dcheck1.o)
    0x08003138   0x08003138   0x00000026   Code   RO         2316    x$fpl$dfltu         fz_ws.l(dflt_clz.o)
    0x0800315e   0x0800315e   0x00000002   PAD
    0x08003160   0x08003160   0x00000154   Code   RO         2322    x$fpl$dmul          fz_ws.l(dmul.o)
    0x080032b4   0x080032b4   0x0000009c   Code   RO         2344    x$fpl$dnaninf       fz_ws.l(dnaninf.o)
    0x08003350   0x08003350   0x0000000c   Code   RO         2346    x$fpl$dretinf       fz_ws.l(dretinf.o)
    0x0800335c   0x0800335c   0x000001d4   Code   RO         2312    x$fpl$dsub          fz_ws.l(daddsub_clz.o)
    0x08003530   0x08003530   0x00000056   Code   RO         2324    x$fpl$f2d           fz_ws.l(f2d.o)
    0x08003586   0x08003586   0x00000018   Code   RO         2348    x$fpl$fcmpinf       fz_ws.l(fcmpi.o)
    0x0800359e   0x0800359e   0x00000002   PAD
    0x080035a0   0x080035a0   0x00000068   Code   RO         2326    x$fpl$fleqf         fz_ws.l(fleqf.o)
    0x08003608   0x08003608   0x0000008c   Code   RO         2350    x$fpl$fnaninf       fz_ws.l(fnaninf.o)
    0x08003694   0x08003694   0x0000000a   Code   RO         2352    x$fpl$fretinf       fz_ws.l(fretinf.o)
    0x0800369e   0x0800369e   0x00000062   Code   RO         2328    x$fpl$frleqf        fz_ws.l(frleqf.o)
    0x08003700   0x08003700   0x00000004   Code   RO         2330    x$fpl$printf1       fz_ws.l(printf1.o)
    0x08003704   0x08003704   0x00000064   Code   RO         2411    x$fpl$retnan        fz_ws.l(retnan.o)
    0x08003768   0x08003768   0x0000005c   Code   RO         2332    x$fpl$scalbn        fz_ws.l(scalbn.o)
    0x080037c4   0x080037c4   0x00000030   Code   RO         2475    x$fpl$trapveneer    fz_ws.l(trapv.o)
    0x080037f4   0x080037f4   0x00000000   Code   RO         2354    x$fpl$usenofp       fz_ws.l(usenofp.o)
    0x080037f4   0x080037f4   0x00000012   Data   RO          912    .constdata          stm32f1xx_hal_rcc.o
    0x08003806   0x08003806   0x00000012   Data   RO         1004    .constdata          stm32f1xx_hal_rcc_ex.o
    0x08003818   0x08003818   0x00000010   Data   RO         2066    .constdata          system_stm32f1xx.o
    0x08003828   0x08003828   0x00000008   Data   RO         2067    .constdata          system_stm32f1xx.o
    0x08003830   0x08003830   0x00001e10   Data   RO         2122    .constdata          oled.o
    0x08005640   0x08005640   0x00000094   Data   RO         2382    .constdata          c_w.l(bigflt0.o)
    0x080056d4   0x080056d4   0x00000020   Data   RO         2556    Region$$Table       anon$$obj.o
    0x080056f4   0x080056f4   0x0000001c   Data   RO         2406    locale$$data        c_w.l(lc_numeric_c.o)


    Execution Region RW_IRAM1 (Exec base: 0x20000000, Load base: 0x08005710, Size: 0x00000bb0, Max: 0x00005000, ABSOLUTE)

    Exec Addr    Load Addr    Size         Type   Attr      Idx    E Section Name        Object

    0x20000000   0x08005710   0x00000010   Data   RW           16    .data               main.o
    0x20000010   0x08005720   0x00000002   Data   RW          167    .data               gpio.o
    0x20000012   0x08005722   0x00000002   PAD
    0x20000014   0x08005724   0x0000000c   Data   RW          749    .data               stm32f1xx_hal.o
    0x20000020   0x08005730   0x00000004   Data   RW         2068    .data               system_stm32f1xx.o
    0x20000024        -       0x00000060   Zero   RW          209    .bss                adc.o
    0x20000084        -       0x00000048   Zero   RW          257    .bss                usart.o
    0x200000cc        -       0x00000480   Zero   RW         2121    .bss                oled.o
    0x2000054c        -       0x00000060   Zero   RW         2416    .bss                c_w.l(libspace.o)
    0x200005ac   0x08005734   0x00000004   PAD
    0x200005b0        -       0x00000200   Zero   RW            2    HEAP                startup_stm32f103xb.o
    0x200007b0        -       0x00000400   Zero   RW            1    STACK               startup_stm32f103xb.o


==============================================================================

Image component sizes


      Code (inc. data)   RO Data    RW Data    ZI Data      Debug   Object Name

       308         42          0          0         96       2286   adc.o
       312         32          0          2          0       2155   gpio.o
       552         56          0         16          0     411065   main.o
       900         40       7696          0       1152       6987   oled.o
        64         26        236          0       1536        808   startup_stm32f103xb.o
       164         28          0         12          0       5889   stm32f1xx_hal.o
      1260         54          0          0          0       6520   stm32f1xx_hal_adc.o
       198         14          0          0          0      28955   stm32f1xx_hal_cortex.o
       524         40          0          0          0       4102   stm32f1xx_hal_gpio.o
        60          8          0          0          0        870   stm32f1xx_hal_msp.o
      1240         84         18          0          0       5112   stm32f1xx_hal_rcc.o
       400         28         18          0          0       2465   stm32f1xx_hal_rcc_ex.o
       636          6          0          0          0       4628   stm32f1xx_hal_uart.o
        56          0          0          0          0       4784   stm32f1xx_it.o
         2          0         24          4          0       1115   system_stm32f1xx.o
       440         78          0          0          0        873   ui_setting.o
       316         78          0          0         72       2199   usart.o

    ----------------------------------------------------------------------
      7440        614       8024         36       2856     490813   Object Totals
         0          0         32          0          0          0   (incl. Generated)
         8          0          0          2          0          0   (incl. Padding)

    ----------------------------------------------------------------------

      Code (inc. data)   RO Data    RW Data    ZI Data      Debug   Library Member Name

         8          0          0          0          0         68   __main.o
       284          0          0          0          0        156   __printf_wp.o
         0          0          0          0          0          0   __rtentry.o
        12          0          0          0          0          0   __rtentry2.o
         6          0          0          0          0          0   __rtentry4.o
        52          8          0          0          0          0   __scatter.o
        26          0          0          0          0          0   __scatter_copy.o
        28          0          0          0          0          0   __scatter_zi.o
        48          6          0          0          0         96   _printf_char_common.o
         6          0          0          0          0          0   _printf_f.o
      1054          0          0          0          0        216   _printf_fp_dec.o
       128         16          0          0          0         84   _printf_fp_infnan.o
         0          0          0          0          0          0   _printf_percent.o
         4          0          0          0          0          0   _printf_percent_end.o
        10          0          0          0          0         68   _sputc.o
       228          4        148          0          0         96   bigflt0.o
      1936        128          0          0          0        672   btod.o
        18          0          0          0          0         80   exit.o
         6          0          0          0          0        152   heapauxi.o
         0          0          0          0          0          0   indicate_semi.o
        44         10         28          0          0         76   lc_numeric_c.o
         2          0          0          0          0          0   libinit.o
        18          0          0          0          0          0   libinit2.o
         2          0          0          0          0          0   libshutdown.o
         2          0          0          0          0          0   libshutdown2.o
         8          4          0          0         96         68   libspace.o
       138          0          0          0          0         80   lludiv10.o
        40          6          0          0          0         84   noretval__2sprintf.o
         8          4          0          0          0         68   rt_locale_intlibspace.o
        78          0          0          0          0         80   rt_memclr_w.o
         2          0          0          0          0          0   rtexit.o
        10          0          0          0          0          0   rtexit2.o
       128          0          0          0          0         68   strcmpv7m.o
        12          4          0          0          0         68   sys_exit.o
        74          0          0          0          0         80   sys_stackheap_outer.o
         2          0          0          0          0         68   use_no_semi.o
        98          4          0          0          0         92   d2f.o
       804         16          0          0          0        272   daddsub_clz.o
        16          4          0          0          0         68   dcheck1.o
        38          0          0          0          0         68   dflt_clz.o
       340         12          0          0          0        104   dmul.o
       156          4          0          0          0         92   dnaninf.o
        12          0          0          0          0         68   dretinf.o
        86          4          0          0          0         84   f2d.o
        24          0          0          0          0         68   fcmpi.o
       104          4          0          0          0         84   fleqf.o
       140          4          0          0          0         84   fnaninf.o
        10          0          0          0          0         68   fretinf.o
        98          0          0          0          0         68   frleqf.o
         4          0          0          0          0         68   printf1.o
       100          0          0          0          0         68   retnan.o
        92          0          0          0          0         68   scalbn.o
        48          0          0          0          0         68   trapv.o
         0          0          0          0          0          0   usenofp.o
        40          0          0          0          0         68   fpclassify.o

    ----------------------------------------------------------------------
      6648        242        176          0        100       3988   Library Totals
        16          0          0          0          4          0   (incl. Padding)

    ----------------------------------------------------------------------

      Code (inc. data)   RO Data    RW Data    ZI Data      Debug   Library Name

      4422        190        176          0         96       2428   c_w.l
      2170         52          0          0          0       1492   fz_ws.l
        40          0          0          0          0         68   m_ws.l

    ----------------------------------------------------------------------
      6648        242        176          0        100       3988   Library Totals

    ----------------------------------------------------------------------

==============================================================================


      Code (inc. data)   RO Data    RW Data    ZI Data      Debug   

     14088        856       8200         36       2956     489337   Grand Totals
     14088        856       8200         36       2956     489337   ELF Image Totals
     14088        856       8200         36          0          0   ROM Totals

==============================================================================

    Total RO  Size (Code + RO Data)                22288 (  21.77kB)
    Total RW  Size (RW Data + ZI Data)              2992 (   2.92kB)
    Total ROM Size (Code + RO Data + RW Data)      22324 (  21.80kB)

==============================================================================

